Archive member included to satisfy reference by file (symbol)

c:/st/stm32cubeide_1.7.0/stm32cubeide/plugins/com.st.stm32cube.ide.mcu.externaltools.gnu-tools-for-stm32.9-2020-q2-update.win32_2.0.0.202105311346/tools/bin/../lib/gcc/arm-none-eabi/9.3.1/../../../../arm-none-eabi/lib/thumb/v7-m/nofp\libc_nano.a(lib_a-errno.o)
                              ./Core/Src/syscalls.o (__errno)
c:/st/stm32cubeide_1.7.0/stm32cubeide/plugins/com.st.stm32cube.ide.mcu.externaltools.gnu-tools-for-stm32.9-2020-q2-update.win32_2.0.0.202105311346/tools/bin/../lib/gcc/arm-none-eabi/9.3.1/../../../../arm-none-eabi/lib/thumb/v7-m/nofp\libc_nano.a(lib_a-exit.o)
                              c:/st/stm32cubeide_1.7.0/stm32cubeide/plugins/com.st.stm32cube.ide.mcu.externaltools.gnu-tools-for-stm32.9-2020-q2-update.win32_2.0.0.202105311346/tools/bin/../lib/gcc/arm-none-eabi/9.3.1/../../../../arm-none-eabi/lib/thumb/v7-m/nofp/crt0.o (exit)
c:/st/stm32cubeide_1.7.0/stm32cubeide/plugins/com.st.stm32cube.ide.mcu.externaltools.gnu-tools-for-stm32.9-2020-q2-update.win32_2.0.0.202105311346/tools/bin/../lib/gcc/arm-none-eabi/9.3.1/../../../../arm-none-eabi/lib/thumb/v7-m/nofp\libc_nano.a(lib_a-impure.o)
                              c:/st/stm32cubeide_1.7.0/stm32cubeide/plugins/com.st.stm32cube.ide.mcu.externaltools.gnu-tools-for-stm32.9-2020-q2-update.win32_2.0.0.202105311346/tools/bin/../lib/gcc/arm-none-eabi/9.3.1/../../../../arm-none-eabi/lib/thumb/v7-m/nofp\libc_nano.a(lib_a-exit.o) (_global_impure_ptr)
c:/st/stm32cubeide_1.7.0/stm32cubeide/plugins/com.st.stm32cube.ide.mcu.externaltools.gnu-tools-for-stm32.9-2020-q2-update.win32_2.0.0.202105311346/tools/bin/../lib/gcc/arm-none-eabi/9.3.1/../../../../arm-none-eabi/lib/thumb/v7-m/nofp\libc_nano.a(lib_a-init.o)
                              c:/st/stm32cubeide_1.7.0/stm32cubeide/plugins/com.st.stm32cube.ide.mcu.externaltools.gnu-tools-for-stm32.9-2020-q2-update.win32_2.0.0.202105311346/tools/bin/../lib/gcc/arm-none-eabi/9.3.1/../../../../arm-none-eabi/lib/thumb/v7-m/nofp/crt0.o (__libc_init_array)
c:/st/stm32cubeide_1.7.0/stm32cubeide/plugins/com.st.stm32cube.ide.mcu.externaltools.gnu-tools-for-stm32.9-2020-q2-update.win32_2.0.0.202105311346/tools/bin/../lib/gcc/arm-none-eabi/9.3.1/../../../../arm-none-eabi/lib/thumb/v7-m/nofp\libc_nano.a(lib_a-memset.o)
                              c:/st/stm32cubeide_1.7.0/stm32cubeide/plugins/com.st.stm32cube.ide.mcu.externaltools.gnu-tools-for-stm32.9-2020-q2-update.win32_2.0.0.202105311346/tools/bin/../lib/gcc/arm-none-eabi/9.3.1/../../../../arm-none-eabi/lib/thumb/v7-m/nofp/crt0.o (memset)
c:/st/stm32cubeide_1.7.0/stm32cubeide/plugins/com.st.stm32cube.ide.mcu.externaltools.gnu-tools-for-stm32.9-2020-q2-update.win32_2.0.0.202105311346/tools/bin/../lib/gcc/arm-none-eabi/9.3.1/../../../../arm-none-eabi/lib/thumb/v7-m/nofp\libc_nano.a(lib_a-puts.o)
                              ./Core/Src/input_processing.o (puts)
c:/st/stm32cubeide_1.7.0/stm32cubeide/plugins/com.st.stm32cube.ide.mcu.externaltools.gnu-tools-for-stm32.9-2020-q2-update.win32_2.0.0.202105311346/tools/bin/../lib/gcc/arm-none-eabi/9.3.1/../../../../arm-none-eabi/lib/thumb/v7-m/nofp\libc_nano.a(lib_a-wbuf.o)
                              c:/st/stm32cubeide_1.7.0/stm32cubeide/plugins/com.st.stm32cube.ide.mcu.externaltools.gnu-tools-for-stm32.9-2020-q2-update.win32_2.0.0.202105311346/tools/bin/../lib/gcc/arm-none-eabi/9.3.1/../../../../arm-none-eabi/lib/thumb/v7-m/nofp\libc_nano.a(lib_a-puts.o) (__swbuf_r)
c:/st/stm32cubeide_1.7.0/stm32cubeide/plugins/com.st.stm32cube.ide.mcu.externaltools.gnu-tools-for-stm32.9-2020-q2-update.win32_2.0.0.202105311346/tools/bin/../lib/gcc/arm-none-eabi/9.3.1/../../../../arm-none-eabi/lib/thumb/v7-m/nofp\libc_nano.a(lib_a-wsetup.o)
                              c:/st/stm32cubeide_1.7.0/stm32cubeide/plugins/com.st.stm32cube.ide.mcu.externaltools.gnu-tools-for-stm32.9-2020-q2-update.win32_2.0.0.202105311346/tools/bin/../lib/gcc/arm-none-eabi/9.3.1/../../../../arm-none-eabi/lib/thumb/v7-m/nofp\libc_nano.a(lib_a-puts.o) (__swsetup_r)
c:/st/stm32cubeide_1.7.0/stm32cubeide/plugins/com.st.stm32cube.ide.mcu.externaltools.gnu-tools-for-stm32.9-2020-q2-update.win32_2.0.0.202105311346/tools/bin/../lib/gcc/arm-none-eabi/9.3.1/../../../../arm-none-eabi/lib/thumb/v7-m/nofp\libc_nano.a(lib_a-fflush.o)
                              c:/st/stm32cubeide_1.7.0/stm32cubeide/plugins/com.st.stm32cube.ide.mcu.externaltools.gnu-tools-for-stm32.9-2020-q2-update.win32_2.0.0.202105311346/tools/bin/../lib/gcc/arm-none-eabi/9.3.1/../../../../arm-none-eabi/lib/thumb/v7-m/nofp\libc_nano.a(lib_a-wbuf.o) (_fflush_r)
c:/st/stm32cubeide_1.7.0/stm32cubeide/plugins/com.st.stm32cube.ide.mcu.externaltools.gnu-tools-for-stm32.9-2020-q2-update.win32_2.0.0.202105311346/tools/bin/../lib/gcc/arm-none-eabi/9.3.1/../../../../arm-none-eabi/lib/thumb/v7-m/nofp\libc_nano.a(lib_a-findfp.o)
[...]
Memory Configuration

Name             Origin             Length             Attributes
RAM              0x0000000020000000 0x0000000000002800 xrw
FLASH            0x0000000008000000 0x0000000000008000 xr
*default*        0x0000000000000000 0xffffffffffffffff

Linker script and memory map

LOAD c:/st/stm32cubeide_1.7.0/stm32cubeide/plugins/com.st.stm32cube.ide.mcu.externaltools.gnu-tools-for-stm32.9-2020-q2-update.win32_2.0.0.202105311346/tools/bin/../lib/gcc/arm-none-eabi/9.3.1/thumb/v7-m/nofp/crti.o
LOAD c:/st/stm32cubeide_1.7.0/stm32cubeide/plugins/com.st.stm32cube.ide.mcu.externaltools.gnu-tools-for-stm32.9-2020-q2-update.win32_2.0.0.202105311346/tools/bin/../lib/gcc/arm-none-eabi/9.3.1/thumb/v7-m/nofp/crtbegin.o
LOAD c:/st/stm32cubeide_1.7.0/stm32cubeide/plugins/com.st.stm32cube.ide.mcu.externaltools.gnu-tools-for-stm32.9-2020-q2-update.win32_2.0.0.202105311346/tools/bin/../lib/gcc/arm-none-eabi/9.3.1/../../../../arm-none-eabi/lib/thumb/v7-m/nofp/crt0.o
LOAD ./Core/Src/button.o
LOAD ./Core/Src/global.o
LOAD ./Core/Src/input_processing.o
LOAD ./Core/Src/input_reading.o
LOAD ./Core/Src/led7seg.o
LOAD ./Core/Src/main.o
LOAD ./Core/Src/output_display.o
LOAD ./Core/Src/software_timer.o
LOAD ./Core/Src/stm32f1xx_hal_msp.o
LOAD ./Core/Src/stm32f1xx_it.o
LOAD ./Core/Src/syscalls.o
LOAD ./Core/Src/sysmem.o
LOAD ./Core/Src/system_stm32f1xx.o
LOAD ./Core/Src/timer.o
LOAD ./Core/Src/traffic_light_processing.o
LOAD ./Core/Startup/startup_stm32f103c6ux.o
LOAD ./Drivers/STM32F1xx_HAL_Driver/Src/stm32f1xx_hal.o
LOAD ./Drivers/STM32F1xx_HAL_Driver/Src/stm32f1xx_hal_cortex.o
LOAD ./Drivers/STM32F1xx_HAL_Driver/Src/stm32f1xx_hal_dma.o
LOAD ./Drivers/STM32F1xx_HAL_Driver/Src/stm32f1xx_hal_exti.o
LOAD ./Drivers/STM32F1xx_HAL_Driver/Src/stm32f1xx_hal_flash.o
LOAD ./Drivers/STM32F1xx_HAL_Driver/Src/stm32f1xx_hal_flash_ex.o
LOAD ./Drivers/STM32F1xx_HAL_Driver/Src/stm32f1xx_hal_gpio.o
LOAD ./Drivers/STM32F1xx_HAL_Driver/Src/stm32f1xx_hal_gpio_ex.o
LOAD ./Drivers/STM32F1xx_HAL_Driver/Src/stm32f1xx_hal_pwr.o
LOAD ./Drivers/STM32F1xx_HAL_Driver/Src/stm32f1xx_hal_rcc.o
LOAD ./Drivers/STM32F1xx_HAL_Driver/Src/stm32f1xx_hal_rcc_ex.o
LOAD ./Drivers/STM32F1xx_HAL_Driver/Src/stm32f1xx_hal_tim.o
LOAD ./Drivers/STM32F1xx_HAL_Driver/Src/stm32f1xx_hal_tim_ex.o
LOAD ./Drivers/STM32F1xx_HAL_Driver/Src/stm32f1xx_hal_uart.o
START GROUP
LOAD c:/st/stm32cubeide_1.7.0/stm32cubeide/plugins/com.st.stm32cube.ide.mcu.externaltools.gnu-tools-for-stm32.9-2020-q2-update.win32_2.0.0.202105311346/tools/bin/../lib/gcc/arm-none-eabi/9.3.1/../../../../arm-none-eabi/lib/thumb/v7-m/nofp\libc_nano.a
LOAD c:/st/stm32cubeide_1.7.0/stm32cubeide/plugins/com.st.stm32cube.ide.mcu.externaltools.gnu-tools-for-stm32.9-2020-q2-update.win32_2.0.0.202105311346/tools/bin/../lib/gcc/arm-none-eabi/9.3.1/../../../../arm-none-eabi/lib/thumb/v7-m/nofp\libm.a
END GROUP
START GROUP
LOAD c:/st/stm32cubeide_1.7.0/stm32cubeide/plugins/com.st.stm32cube.ide.mcu.externaltools.gnu-tools-for-stm32.9-2020-q2-update.win32_2.0.0.202105311346/tools/bin/../lib/gcc/arm-none-eabi/9.3.1/thumb/v7-m/nofp\libgcc.a
LOAD c:/st/stm32cubeide_1.7.0/stm32cubeide/plugins/com.st.stm32cube.ide.mcu.externaltools.gnu-tools-for-stm32.9-2020-q2-update.win32_2.0.0.202105311346/tools/bin/../lib/gcc/arm-none-eabi/9.3.1/../../../../arm-none-eabi/lib/thumb/v7-m/nofp\libc_nano.a
END GROUP
START GROUP
LOAD c:/st/stm32cubeide_1.7.0/stm32cubeide/plugins/com.st.stm32cube.ide.mcu.externaltools.gnu-tools-for-stm32.9-2020-q2-update.win32_2.0.0.202105311346/tools/bin/../lib/gcc/arm-none-eabi/9.3.1/thumb/v7-m/nofp\libgcc.a
LOAD c:/st/stm32cubeide_1.7.0/stm32cubeide/plugins/com.st.stm32cube.ide.mcu.externaltools.gnu-tools-for-stm32.9-2020-q2-update.win32_2.0.0.202105311346/tools/bin/../lib/gcc/arm-none-eabi/9.3.1/../../../../arm-none-eabi/lib/thumb/v7-m/nofp\libc_nano.a
LOAD c:/st/stm32cubeide_1.7.0/stm32cubeide/plugins/com.st.stm32cube.ide.mcu.externaltools.gnu-tools-for-stm32.9-2020-q2-update.win32_2.0.0.202105311346/tools/bin/../lib/gcc/arm-none-eabi/9.3.1/../../../../arm-none-eabi/lib/thumb/v7-m/nofp\libnosys.a
END GROUP
START GROUP
LOAD c:/st/stm32cubeide_1.7.0/stm32cubeide/plugins/com.st.stm32cube.ide.mcu.externaltools.gnu-tools-for-stm32.9-2020-q2-update.win32_2.0.0.202105311346/tools/bin/../lib/gcc/arm-none-eabi/9.3.1/thumb/v7-m/nofp\libgcc.a
LOAD c:/st/stm32cubeide_1.7.0/stm32cubeide/plugins/com.st.stm32cube.ide.mcu.externaltools.gnu-tools-for-stm32.9-2020-q2-update.win32_2.0.0.202105311346/tools/bin/../lib/gcc/arm-none-eabi/9.3.1/../../../../arm-none-eabi/lib/thumb/v7-m/nofp\libc_nano.a
LOAD c:/st/stm32cubeide_1.7.0/stm32cubeide/plugins/com.st.stm32cube.ide.mcu.externaltools.gnu-tools-for-stm32.9-2020-q2-update.win32_2.0.0.202105311346/tools/bin/../lib/gcc/arm-none-eabi/9.3.1/../../../../arm-none-eabi/lib/thumb/v7-m/nofp\libnosys.a
END GROUP
LOAD c:/st/stm32cubeide_1.7.0/stm32cubeide/plugins/com.st.stm32cube.ide.mcu.externaltools.gnu-tools-for-stm32.9-2020-q2-update.win32_2.0.0.202105311346/tools/bin/../lib/gcc/arm-none-eabi/9.3.1/thumb/v7-m/nofp/crtend.o
LOAD c:/st/stm32cubeide_1.7.0/stm32cubeide/plugins/com.st.stm32cube.ide.mcu.externaltools.gnu-tools-for-stm32.9-2020-q2-update.win32_2.0.0.202105311346/tools/bin/../lib/gcc/arm-none-eabi/9.3.1/thumb/v7-m/nofp/crtn.o
                0x0000000020002800                _estack = (ORIGIN (RAM) + LENGTH (RAM))
                0x0000000000000200                _Min_Heap_Size = 0x200
                0x0000000000000400                _Min_Stack_Size = 0x400

.isr_vector     0x0000000008000000      0x10c
                0x0000000008000000                . = ALIGN (0x4)
 *(.isr_vector)
 .isr_vector    0x0000000008000000      0x10c ./Core/Startup/startup_stm32f103c6ux.o
                0x0000000008000000                g_pfnVectors
                0x000000000800010c                . = ALIGN (0x4)

.text           0x000000000800010c     0x4560
                0x000000000800010c                . = ALIGN (0x4)
 *(.text)
 .text          0x000000000800010c       0x40 c:/st/stm32cubeide_1.7.0/stm32cubeide/plugins/com.st.stm32cube.ide.mcu.externaltools.gnu-tools-for-stm32.9-2020-q2-update.win32_2.0.0.202105311346/tools/bin/../lib/gcc/arm-none-eabi/9.3.1/thumb/v7-m/nofp/crtbegin.o
 *(.text*)
 .text.subKeyProcess
                0x000000000800014c       0x18 ./Core/Src/button.o
                0x000000000800014c                subKeyProcess
 .text.getKeyInput
                0x0000000008000164       0x9c ./Core/Src/button.o
                0x0000000008000164                getKeyInput
 .text.WhichButtonIsPressed
                0x0000000008000200       0x4a ./Core/Src/input_processing.o
                0x0000000008000200                WhichButtonIsPressed
 .text.WhichButtonIsPressed1s
                0x000000000800024a       0x4a ./Core/Src/input_processing.o
                0x000000000800024a                WhichButtonIsPressed1s
 .text.fsm_mode_running
                0x0000000008000294      0x178 ./Core/Src/input_processing.o
                0x0000000008000294                fsm_mode_running
 .text.fsm_mode_running_for_pressed_1s
                0x000000000800040c      0x19c ./Core/Src/input_processing.o
                0x000000000800040c                fsm_mode_running_for_pressed_1s
 .text.fsm_for_input_processing
                0x00000000080005a8       0xf8 ./Core/Src/input_processing.o
                0x00000000080005a8                fsm_for_input_processing
 .text.button_reading
                0x00000000080006a0      0x14c ./Core/Src/input_reading.o
                0x00000000080006a0                button_reading
 .text.is_button_pressed
                0x00000000080007ec       0x34 ./Core/Src/input_reading.o
                0x00000000080007ec                is_button_pressed
 .text.is_button_pressed_1s
                0x0000000008000820       0x34 ./Core/Src/input_reading.o
                0x0000000008000820                is_button_pressed_1s
 .text.is_button_pressed_one_quarter_second
                0x0000000008000854       0x34 ./Core/Src/input_reading.o
                0x0000000008000854                is_button_pressed_one_quarter_second
 .text.update_buffer
                0x0000000008000888       0xbc ./Core/Src/led7seg.o
                0x0000000008000888                update_buffer
 .text.led_init
                0x0000000008000944       0x18 ./Core/Src/led7seg.o
                0x0000000008000944                led_init
 .text.update7SEG
                0x000000000800095c      0x108 ./Core/Src/led7seg.o
                0x000000000800095c                update7SEG
 .text.display7SEG
                0x0000000008000a64       0x2c ./Core/Src/led7seg.o
                0x0000000008000a64                display7SEG
 .text.displayMode
                0x0000000008000a90       0x30 ./Core/Src/led7seg.o
                0x0000000008000a90                displayMode
 .text.main     0x0000000008000ac0       0x70 ./Core/Src/main.o
                0x0000000008000ac0                main
 .text.SystemClock_Config
                0x0000000008000b30       0x76 ./Core/Src/main.o
                0x0000000008000b30                SystemClock_Config
 *fill*         0x0000000008000ba6        0x2 
 .text.MX_TIM2_Init
                0x0000000008000ba8       0x98 ./Core/Src/main.o
 .text.MX_USART2_UART_Init
                0x0000000008000c40       0x54 ./Core/Src/main.o
 .text.MX_GPIO_Init
                0x0000000008000c94       0xc4 ./Core/Src/main.o
 .text.Error_Handler
                0x0000000008000d58        0xa ./Core/Src/main.o
                0x0000000008000d58                Error_Handler
 *fill*         0x0000000008000d62        0x2 
 .text._write   0x0000000008000d64       0x2c ./Core/Src/output_display.o
                0x0000000008000d64                _write
 .text.setTimer1
                0x0000000008000d90       0x34 ./Core/Src/software_timer.o
                0x0000000008000d90                setTimer1
 .text.setTimer2
                0x0000000008000dc4       0x34 ./Core/Src/software_timer.o
                0x0000000008000dc4                setTimer2
 .text.setTimer3
                0x0000000008000df8       0x34 ./Core/Src/software_timer.o
                0x0000000008000df8                setTimer3
 .text.setTimer4
                0x0000000008000e2c       0x34 ./Core/Src/software_timer.o
                0x0000000008000e2c                setTimer4
 .text.setTimer5
                0x0000000008000e60       0x34 ./Core/Src/software_timer.o
                0x0000000008000e60                setTimer5
 .text.timerRun
                0x0000000008000e94       0xd4 ./Core/Src/software_timer.o
                0x0000000008000e94                timerRun
 .text.HAL_MspInit
                0x0000000008000f68       0x64 ./Core/Src/stm32f1xx_hal_msp.o
                0x0000000008000f68                HAL_MspInit
 .text.HAL_TIM_Base_MspInit
                0x0000000008000fcc       0x48 ./Core/Src/stm32f1xx_hal_msp.o
                0x0000000008000fcc                HAL_TIM_Base_MspInit
 .text.HAL_UART_MspInit
                0x0000000008001014       0xa4 ./Core/Src/stm32f1xx_hal_msp.o
                0x0000000008001014                HAL_UART_MspInit
 .text.NMI_Handler
                0x00000000080010b8        0x6 ./Core/Src/stm32f1xx_it.o
                0x00000000080010b8                NMI_Handler
 .text.HardFault_Handler
                0x00000000080010be        0x6 ./Core/Src/stm32f1xx_it.o
                0x00000000080010be                HardFault_Handler
 .text.MemManage_Handler
                0x00000000080010c4        0x6 ./Core/Src/stm32f1xx_it.o
                0x00000000080010c4                MemManage_Handler
 .text.BusFault_Handler
                0x00000000080010ca        0x6 ./Core/Src/stm32f1xx_it.o
                0x00000000080010ca                BusFault_Handler
 .text.UsageFault_Handler
                0x00000000080010d0        0x6 ./Core/Src/stm32f1xx_it.o
                0x00000000080010d0                UsageFault_Handler
 .text.SVC_Handler
                0x00000000080010d6        0xc ./Core/Src/stm32f1xx_it.o
                0x00000000080010d6                SVC_Handler
 .text.DebugMon_Handler
                0x00000000080010e2        0xc ./Core/Src/stm32f1xx_it.o
                0x00000000080010e2                DebugMon_Handler
 .text.PendSV_Handler
                0x00000000080010ee        0xc ./Core/Src/stm32f1xx_it.o
                0x00000000080010ee                PendSV_Handler
 .text.SysTick_Handler
                0x00000000080010fa        0xc ./Core/Src/stm32f1xx_it.o
                0x00000000080010fa                SysTick_Handler
 *fill*         0x0000000008001106        0x2 
 .text.TIM2_IRQHandler
                0x0000000008001108       0x14 ./Core/Src/stm32f1xx_it.o
                0x0000000008001108                TIM2_IRQHandler
 .text.USART2_IRQHandler
                0x000000000800111c       0x14 ./Core/Src/stm32f1xx_it.o
                0x000000000800111c                USART2_IRQHandler
 .text._read    0x0000000008001130       0x3a ./Core/Src/syscalls.o
                0x0000000008001130                _read
 .text._close   0x000000000800116a       0x16 ./Core/Src/syscalls.o
                0x000000000800116a                _close
 .text._fstat   0x0000000008001180       0x1e ./Core/Src/syscalls.o
                0x0000000008001180                _fstat
 .text._isatty  0x000000000800119e       0x14 ./Core/Src/syscalls.o
                0x000000000800119e                _isatty
 .text._lseek   0x00000000080011b2       0x18 ./Core/Src/syscalls.o
                0x00000000080011b2                _lseek
 *fill*         0x00000000080011ca        0x2 
 .text._sbrk    0x00000000080011cc       0x6c ./Core/Src/sysmem.o
                0x00000000080011cc                _sbrk
 .text.SystemInit
                0x0000000008001238        0xc ./Core/Src/system_stm32f1xx.o
                0x0000000008001238                SystemInit
 .text.HAL_TIM_PeriodElapsedCallback
                0x0000000008001244       0x26 ./Core/Src/timer.o
                0x0000000008001244                HAL_TIM_PeriodElapsedCallback
 *fill*         0x000000000800126a        0x2 
 .text.traffic_init
                0x000000000800126c       0x48 ./Core/Src/traffic_light_processing.o
                0x000000000800126c                traffic_init
 .text.updateTempTime
                0x00000000080012b4       0xa0 ./Core/Src/traffic_light_processing.o
                0x00000000080012b4                updateTempTime
 .text.confirmAdjustedTime
                0x0000000008001354       0x90 ./Core/Src/traffic_light_processing.o
                0x0000000008001354                confirmAdjustedTime
 .text.resetToTheDefaultSetting
                0x00000000080013e4       0x70 ./Core/Src/traffic_light_processing.o
                0x00000000080013e4                resetToTheDefaultSetting
 .text.normal_running_traffic_light
                0x0000000008001454      0x32c ./Core/Src/traffic_light_processing.o
                0x0000000008001454                normal_running_traffic_light
 .text.traffic_light_processing
                0x0000000008001780       0xa4 ./Core/Src/traffic_light_processing.o
                0x0000000008001780                traffic_light_processing
 .text.Reset_Handler
                0x0000000008001824       0x48 ./Core/Startup/startup_stm32f103c6ux.o
                0x0000000008001824                Reset_Handler
 .text.Default_Handler
                0x000000000800186c        0x2 ./Core/Startup/startup_stm32f103c6ux.o
                0x000000000800186c                RTC_Alarm_IRQHandler
                0x000000000800186c                EXTI2_IRQHandler
                0x000000000800186c                TIM1_CC_IRQHandler
                0x000000000800186c                PVD_IRQHandler
                0x000000000800186c                EXTI3_IRQHandler
                0x000000000800186c                EXTI0_IRQHandler
                0x000000000800186c                ADC1_2_IRQHandler
                0x000000000800186c                SPI1_IRQHandler
                0x000000000800186c                TAMPER_IRQHandler
                0x000000000800186c                DMA1_Channel4_IRQHandler
                0x000000000800186c                RTC_IRQHandler
                0x000000000800186c                DMA1_Channel7_IRQHandler
                0x000000000800186c                CAN1_RX1_IRQHandler
                0x000000000800186c                I2C1_EV_IRQHandler
                0x000000000800186c                DMA1_Channel6_IRQHandler
                0x000000000800186c                TIM3_IRQHandler
                0x000000000800186c                RCC_IRQHandler
                0x000000000800186c                TIM1_TRG_COM_IRQHandler
                0x000000000800186c                DMA1_Channel1_IRQHandler
                0x000000000800186c                Default_Handler
                0x000000000800186c                EXTI15_10_IRQHandler
                0x000000000800186c                EXTI9_5_IRQHandler
                0x000000000800186c                DMA1_Channel5_IRQHandler
                0x000000000800186c                EXTI4_IRQHandler
                0x000000000800186c                USB_LP_CAN1_RX0_IRQHandler
                0x000000000800186c                USB_HP_CAN1_TX_IRQHandler
                0x000000000800186c                DMA1_Channel3_IRQHandler
                0x000000000800186c                TIM1_UP_IRQHandler
                0x000000000800186c                WWDG_IRQHandler
                0x000000000800186c                TIM1_BRK_IRQHandler
                0x000000000800186c                EXTI1_IRQHandler
                0x000000000800186c                DMA1_Channel2_IRQHandler
                0x000000000800186c                CAN1_SCE_IRQHandler
                0x000000000800186c                FLASH_IRQHandler
                0x000000000800186c                USART1_IRQHandler
                0x000000000800186c                I2C1_ER_IRQHandler
                0x000000000800186c                USBWakeUp_IRQHandler
 *fill*         0x000000000800186e        0x2 
 .text.HAL_Init
                0x0000000008001870       0x2c ./Drivers/STM32F1xx_HAL_Driver/Src/stm32f1xx_hal.o
                0x0000000008001870                HAL_Init
 .text.HAL_InitTick
                0x000000000800189c       0x60 ./Drivers/STM32F1xx_HAL_Driver/Src/stm32f1xx_hal.o
                0x000000000800189c                HAL_InitTick
 .text.HAL_IncTick
                0x00000000080018fc       0x24 ./Drivers/STM32F1xx_HAL_Driver/Src/stm32f1xx_hal.o
                0x00000000080018fc                HAL_IncTick
 .text.HAL_GetTick
                0x0000000008001920       0x14 ./Drivers/STM32F1xx_HAL_Driver/Src/stm32f1xx_hal.o
                0x0000000008001920                HAL_GetTick
 .text.__NVIC_SetPriorityGrouping
                0x0000000008001934       0x48 ./Drivers/STM32F1xx_HAL_Driver/Src/stm32f1xx_hal_cortex.o
 .text.__NVIC_GetPriorityGrouping
                0x000000000800197c       0x1c ./Drivers/STM32F1xx_HAL_Driver/Src/stm32f1xx_hal_cortex.o
 .text.__NVIC_EnableIRQ
                0x0000000008001998       0x38 ./Drivers/STM32F1xx_HAL_Driver/Src/stm32f1xx_hal_cortex.o
 .text.__NVIC_SetPriority
                0x00000000080019d0       0x54 ./Drivers/STM32F1xx_HAL_Driver/Src/stm32f1xx_hal_cortex.o
 .text.NVIC_EncodePriority
                0x0000000008001a24       0x64 ./Drivers/STM32F1xx_HAL_Driver/Src/stm32f1xx_hal_cortex.o
 .text.SysTick_Config
                0x0000000008001a88       0x44 ./Drivers/STM32F1xx_HAL_Driver/Src/stm32f1xx_hal_cortex.o
 .text.HAL_NVIC_SetPriorityGrouping
                0x0000000008001acc       0x16 ./Drivers/STM32F1xx_HAL_Driver/Src/stm32f1xx_hal_cortex.o
                0x0000000008001acc                HAL_NVIC_SetPriorityGrouping
 .text.HAL_NVIC_SetPriority
                0x0000000008001ae2       0x38 ./Drivers/STM32F1xx_HAL_Driver/Src/stm32f1xx_hal_cortex.o
                0x0000000008001ae2                HAL_NVIC_SetPriority
 .text.HAL_NVIC_EnableIRQ
                0x0000000008001b1a       0x1c ./Drivers/STM32F1xx_HAL_Driver/Src/stm32f1xx_hal_cortex.o
                0x0000000008001b1a                HAL_NVIC_EnableIRQ
 .text.HAL_SYSTICK_Config
                0x0000000008001b36       0x18 ./Drivers/STM32F1xx_HAL_Driver/Src/stm32f1xx_hal_cortex.o
                0x0000000008001b36                HAL_SYSTICK_Config
 .text.HAL_DMA_Abort
                0x0000000008001b4e       0x76 ./Drivers/STM32F1xx_HAL_Driver/Src/stm32f1xx_hal_dma.o
                0x0000000008001b4e                HAL_DMA_Abort
 .text.HAL_DMA_Abort_IT
                0x0000000008001bc4       0xf0 ./Drivers/STM32F1xx_HAL_Driver/Src/stm32f1xx_hal_dma.o
                0x0000000008001bc4                HAL_DMA_Abort_IT
 .text.HAL_GPIO_Init
                0x0000000008001cb4      0x2f4 ./Drivers/STM32F1xx_HAL_Driver/Src/stm32f1xx_hal_gpio.o
                0x0000000008001cb4                HAL_GPIO_Init
 .text.HAL_GPIO_ReadPin
                0x0000000008001fa8       0x2e ./Drivers/STM32F1xx_HAL_Driver/Src/stm32f1xx_hal_gpio.o
                0x0000000008001fa8                HAL_GPIO_ReadPin
 .text.HAL_GPIO_WritePin
                0x0000000008001fd6       0x30 ./Drivers/STM32F1xx_HAL_Driver/Src/stm32f1xx_hal_gpio.o
                0x0000000008001fd6                HAL_GPIO_WritePin
 .text.HAL_GPIO_TogglePin
                0x0000000008002006       0x32 ./Drivers/STM32F1xx_HAL_Driver/Src/stm32f1xx_hal_gpio.o
                0x0000000008002006                HAL_GPIO_TogglePin
 .text.HAL_RCC_OscConfig
                0x0000000008002038      0x500 ./Drivers/STM32F1xx_HAL_Driver/Src/stm32f1xx_hal_rcc.o
                0x0000000008002038                HAL_RCC_OscConfig
 .text.HAL_RCC_ClockConfig
                0x0000000008002538      0x1d4 ./Drivers/STM32F1xx_HAL_Driver/Src/stm32f1xx_hal_rcc.o
                0x0000000008002538                HAL_RCC_ClockConfig
 .text.HAL_RCC_GetSysClockFreq
                0x000000000800270c       0xa8 ./Drivers/STM32F1xx_HAL_Driver/Src/stm32f1xx_hal_rcc.o
                0x000000000800270c                HAL_RCC_GetSysClockFreq
 .text.HAL_RCC_GetHCLKFreq
                0x00000000080027b4       0x14 ./Drivers/STM32F1xx_HAL_Driver/Src/stm32f1xx_hal_rcc.o
                0x00000000080027b4                HAL_RCC_GetHCLKFreq
 .text.HAL_RCC_GetPCLK1Freq
                0x00000000080027c8       0x28 ./Drivers/STM32F1xx_HAL_Driver/Src/stm32f1xx_hal_rcc.o
                0x00000000080027c8                HAL_RCC_GetPCLK1Freq
 .text.HAL_RCC_GetPCLK2Freq
                0x00000000080027f0       0x28 ./Drivers/STM32F1xx_HAL_Driver/Src/stm32f1xx_hal_rcc.o
                0x00000000080027f0                HAL_RCC_GetPCLK2Freq
 .text.RCC_Delay
                0x0000000008002818       0x3c ./Drivers/STM32F1xx_HAL_Driver/Src/stm32f1xx_hal_rcc.o
 .text.HAL_TIM_Base_Init
                0x0000000008002854       0x9e ./Drivers/STM32F1xx_HAL_Driver/Src/stm32f1xx_hal_tim.o
                0x0000000008002854                HAL_TIM_Base_Init
 *fill*         0x00000000080028f2        0x2 
 .text.HAL_TIM_Base_Start_IT
                0x00000000080028f4       0x98 ./Drivers/STM32F1xx_HAL_Driver/Src/stm32f1xx_hal_tim.o
                0x00000000080028f4                HAL_TIM_Base_Start_IT
 .text.HAL_TIM_IRQHandler
                0x000000000800298c      0x210 ./Drivers/STM32F1xx_HAL_Driver/Src/stm32f1xx_hal_tim.o
                0x000000000800298c                HAL_TIM_IRQHandler
 .text.HAL_TIM_ConfigClockSource
                0x0000000008002b9c      0x18e ./Drivers/STM32F1xx_HAL_Driver/Src/stm32f1xx_hal_tim.o
                0x0000000008002b9c                HAL_TIM_ConfigClockSource
 .text.HAL_TIM_OC_DelayElapsedCallback
                0x0000000008002d2a       0x12 ./Drivers/STM32F1xx_HAL_Driver/Src/stm32f1xx_hal_tim.o
                0x0000000008002d2a                HAL_TIM_OC_DelayElapsedCallback
 .text.HAL_TIM_IC_CaptureCallback
                0x0000000008002d3c       0x12 ./Drivers/STM32F1xx_HAL_Driver/Src/stm32f1xx_hal_tim.o
                0x0000000008002d3c                HAL_TIM_IC_CaptureCallback
 .text.HAL_TIM_PWM_PulseFinishedCallback
                0x0000000008002d4e       0x12 ./Drivers/STM32F1xx_HAL_Driver/Src/stm32f1xx_hal_tim.o
                0x0000000008002d4e                HAL_TIM_PWM_PulseFinishedCallback
 .text.HAL_TIM_TriggerCallback
                0x0000000008002d60       0x12 ./Drivers/STM32F1xx_HAL_Driver/Src/stm32f1xx_hal_tim.o
                0x0000000008002d60                HAL_TIM_TriggerCallback
 *fill*         0x0000000008002d72        0x2 
 .text.TIM_Base_SetConfig
                0x0000000008002d74       0xb0 ./Drivers/STM32F1xx_HAL_Driver/Src/stm32f1xx_hal_tim.o
                0x0000000008002d74                TIM_Base_SetConfig
 .text.TIM_TI1_ConfigInputStage
                0x0000000008002e24       0x5c ./Drivers/STM32F1xx_HAL_Driver/Src/stm32f1xx_hal_tim.o
 .text.TIM_TI2_ConfigInputStage
                0x0000000008002e80       0x5e ./Drivers/STM32F1xx_HAL_Driver/Src/stm32f1xx_hal_tim.o
 .text.TIM_ITRx_SetConfig
                0x0000000008002ede       0x34 ./Drivers/STM32F1xx_HAL_Driver/Src/stm32f1xx_hal_tim.o
 .text.TIM_ETR_SetConfig
                0x0000000008002f12       0x3e ./Drivers/STM32F1xx_HAL_Driver/Src/stm32f1xx_hal_tim.o
                0x0000000008002f12                TIM_ETR_SetConfig
 .text.HAL_TIMEx_MasterConfigSynchronization
                0x0000000008002f50       0xb0 ./Drivers/STM32F1xx_HAL_Driver/Src/stm32f1xx_hal_tim_ex.o
                0x0000000008002f50                HAL_TIMEx_MasterConfigSynchronization
 .text.HAL_TIMEx_CommutCallback
                0x0000000008003000       0x12 ./Drivers/STM32F1xx_HAL_Driver/Src/stm32f1xx_hal_tim_ex.o
                0x0000000008003000                HAL_TIMEx_CommutCallback
 .text.HAL_TIMEx_BreakCallback
                0x0000000008003012       0x12 ./Drivers/STM32F1xx_HAL_Driver/Src/stm32f1xx_hal_tim_ex.o
                0x0000000008003012                HAL_TIMEx_BreakCallback
 .text.HAL_UART_Init
                0x0000000008003024       0xa0 ./Drivers/STM32F1xx_HAL_Driver/Src/stm32f1xx_hal_uart.o
                0x0000000008003024                HAL_UART_Init
 .text.HAL_UART_Transmit
                0x00000000080030c4      0x106 ./Drivers/STM32F1xx_HAL_Driver/Src/stm32f1xx_hal_uart.o
                0x00000000080030c4                HAL_UART_Transmit
 *fill*         0x00000000080031ca        0x2 
 .text.HAL_UART_IRQHandler
                0x00000000080031cc      0x524 ./Drivers/STM32F1xx_HAL_Driver/Src/stm32f1xx_hal_uart.o
                0x00000000080031cc                HAL_UART_IRQHandler
 .text.HAL_UART_TxCpltCallback
                0x00000000080036f0       0x12 ./Drivers/STM32F1xx_HAL_Driver/Src/stm32f1xx_hal_uart.o
                0x00000000080036f0                HAL_UART_TxCpltCallback
 .text.HAL_UART_RxCpltCallback
                0x0000000008003702       0x12 ./Drivers/STM32F1xx_HAL_Driver/Src/stm32f1xx_hal_uart.o
                0x0000000008003702                HAL_UART_RxCpltCallback
 .text.HAL_UART_ErrorCallback
                0x0000000008003714       0x12 ./Drivers/STM32F1xx_HAL_Driver/Src/stm32f1xx_hal_uart.o
                0x0000000008003714                HAL_UART_ErrorCallback
 .text.HAL_UARTEx_RxEventCallback
                0x0000000008003726       0x16 ./Drivers/STM32F1xx_HAL_Driver/Src/stm32f1xx_hal_uart.o
                0x0000000008003726                HAL_UARTEx_RxEventCallback
 .text.UART_WaitOnFlagUntilTimeout
                0x000000000800373c       0xdc ./Drivers/STM32F1xx_HAL_Driver/Src/stm32f1xx_hal_uart.o
 .text.UART_EndRxTransfer
                0x0000000008003818       0xc4 ./Drivers/STM32F1xx_HAL_Driver/Src/stm32f1xx_hal_uart.o
 .text.UART_DMAAbortOnError
                0x00000000080038dc       0x28 ./Drivers/STM32F1xx_HAL_Driver/Src/stm32f1xx_hal_uart.o
 .text.UART_Transmit_IT
                0x0000000008003904       0x9e ./Drivers/STM32F1xx_HAL_Driver/Src/stm32f1xx_hal_uart.o
 .text.UART_EndTransmit_IT
                0x00000000080039a2       0x30 ./Drivers/STM32F1xx_HAL_Driver/Src/stm32f1xx_hal_uart.o
 .text.UART_Receive_IT
                0x00000000080039d2      0x17c ./Drivers/STM32F1xx_HAL_Driver/Src/stm32f1xx_hal_uart.o
 *fill*         0x0000000008003b4e        0x2 
 .text.UART_SetConfig
                0x0000000008003b50      0x11c ./Drivers/STM32F1xx_HAL_Driver/Src/stm32f1xx_hal_uart.o
 .text.__errno  0x0000000008003c6c        0xc c:/st/stm32cubeide_1.7.0/stm32cubeide/plugins/com.st.stm32cube.ide.mcu.externaltools.gnu-tools-for-stm32.9-2020-q2-update.win32_2.0.0.202105311346/tools/bin/../lib/gcc/arm-none-eabi/9.3.1/../../../../arm-none-eabi/lib/thumb/v7-m/nofp\libc_nano.a(lib_a-errno.o)
                0x0000000008003c6c                __errno
 .text.__libc_init_array
                0x0000000008003c78       0x48 c:/st/stm32cubeide_1.7.0/stm32cubeide/plugins/com.st.stm32cube.ide.mcu.externaltools.gnu-tools-for-stm32.9-2020-q2-update.win32_2.0.0.202105311346/tools/bin/../lib/gcc/arm-none-eabi/9.3.1/../../../../arm-none-eabi/lib/thumb/v7-m/nofp\libc_nano.a(lib_a-init.o)
                0x0000000008003c78                __libc_init_array
 .text.memset   0x0000000008003cc0       0x10 c:/st/stm32cubeide_1.7.0/stm32cubeide/plugins/com.st.stm32cube.ide.mcu.externaltools.gnu-tools-for-stm32.9-2020-q2-update.win32_2.0.0.202105311346/tools/bin/../lib/gcc/arm-none-eabi/9.3.1/../../../../arm-none-eabi/lib/thumb/v7-m/nofp\libc_nano.a(lib_a-memset.o)
                0x0000000008003cc0                memset
 .text._puts_r  0x0000000008003cd0       0xdc c:/st/stm32cubeide_1.7.0/stm32cubeide/plugins/com.st.stm32cube.ide.mcu.externaltools.gnu-tools-for-stm32.9-2020-q2-update.win32_2.0.0.202105311346/tools/bin/../lib/gcc/arm-none-eabi/9.3.1/../../../../arm-none-eabi/lib/thumb/v7-m/nofp\libc_nano.a(lib_a-puts.o)
                0x0000000008003cd0                _puts_r
 .text.puts     0x0000000008003dac       0x10 c:/st/stm32cubeide_1.7.0/stm32cubeide/plugins/com.st.stm32cube.ide.mcu.externaltools.gnu-tools-for-stm32.9-2020-q2-update.win32_2.0.0.202105311346/tools/bin/../lib/gcc/arm-none-eabi/9.3.1/../../../../arm-none-eabi/lib/thumb/v7-m/nofp\libc_nano.a(lib_a-puts.o)
                0x0000000008003dac                puts
 .text.__swbuf_r
                0x0000000008003dbc       0xa4 c:/st/stm32cubeide_1.7.0/stm32cubeide/plugins/com.st.stm32cube.ide.mcu.externaltools.gnu-tools-for-stm32.9-2020-q2-update.win32_2.0.0.202105311346/tools/bin/../lib/gcc/arm-none-eabi/9.3.1/../../../../arm-none-eabi/lib/thumb/v7-m/nofp\libc_nano.a(lib_a-wbuf.o)
                0x0000000008003dbc                __swbuf_r
 .text.__swsetup_r
                0x0000000008003e60       0xdc c:/st/stm32cubeide_1.7.0/stm32cubeide/plugins/com.st.stm32cube.ide.mcu.externaltools.gnu-tools-for-stm32.9-2020-q2-update.win32_2.0.0.202105311346/tools/bin/../lib/gcc/arm-none-eabi/9.3.1/../../../../arm-none-eabi/lib/thumb/v7-m/nofp\libc_nano.a(lib_a-wsetup.o)
                0x0000000008003e60                __swsetup_r
 .text.__sflush_r
                0x0000000008003f3c      0x10c c:/st/stm32cubeide_1.7.0/stm32cubeide/plugins/com.st.stm32cube.ide.mcu.externaltools.gnu-tools-for-stm32.9-2020-q2-update.win32_2.0.0.202105311346/tools/bin/../lib/gcc/arm-none-eabi/9.3.1/../../../../arm-none-eabi/lib/thumb/v7-m/nofp\libc_nano.a(lib_a-fflush.o)
                0x0000000008003f3c                __sflush_r
 .text._fflush_r
                0x0000000008004048       0x78 c:/st/stm32cubeide_1.7.0/stm32cubeide/plugins/com.st.stm32cube.ide.mcu.externaltools.gnu-tools-for-stm32.9-2020-q2-update.win32_2.0.0.202105311346/tools/bin/../lib/gcc/arm-none-eabi/9.3.1/../../../../arm-none-eabi/lib/thumb/v7-m/nofp\libc_nano.a(lib_a-fflush.o)
                0x0000000008004048                _fflush_r
 .text.std      0x00000000080040c0       0x48 c:/st/stm32cubeide_1.7.0/stm32cubeide/plugins/com.st.stm32cube.ide.mcu.externaltools.gnu-tools-for-stm32.9-2020-q2-update.win32_2.0.0.202105311346/tools/bin/../lib/gcc/arm-none-eabi/9.3.1/../../../../arm-none-eabi/lib/thumb/v7-m/nofp\libc_nano.a(lib_a-findfp.o)
 .text._cleanup_r
                0x0000000008004108        0xc c:/st/stm32cubeide_1.7.0/stm32cubeide/plugins/com.st.stm32cube.ide.mcu.externaltools.gnu-tools-for-stm32.9-2020-q2-update.win32_2.0.0.202105311346/tools/bin/../lib/gcc/arm-none-eabi/9.3.1/../../../../arm-none-eabi/lib/thumb/v7-m/nofp\libc_nano.a(lib_a-findfp.o)
                0x0000000008004108                _cleanup_r
 .text.__sfmoreglue
                0x0000000008004114       0x2c c:/st/stm32cubeide_1.7.0/stm32cubeide/plugins/com.st.stm32cube.ide.mcu.externaltools.gnu-tools-for-stm32.9-2020-q2-update.win32_2.0.0.202105311346/tools/bin/../lib/gcc/arm-none-eabi/9.3.1/../../../../arm-none-eabi/lib/thumb/v7-m/nofp\libc_nano.a(lib_a-findfp.o)
                0x0000000008004114                __sfmoreglue
 .text.__sfp_lock_acquire
                0x0000000008004140        0xc c:/st/stm32cubeide_1.7.0/stm32cubeide/plugins/com.st.stm32cube.ide.mcu.externaltools.gnu-tools-for-stm32.9-2020-q2-update.win32_2.0.0.202105311346/tools/bin/../lib/gcc/arm-none-eabi/9.3.1/../../../../arm-none-eabi/lib/thumb/v7-m/nofp\libc_nano.a(lib_a-findfp.o)
                0x0000000008004140                __sfp_lock_acquire
 .text.__sfp_lock_release
                0x000000000800414c        0xc c:/st/stm32cubeide_1.7.0/stm32cubeide/plugins/com.st.stm32cube.ide.mcu.externaltools.gnu-tools-for-stm32.9-2020-q2-update.win32_2.0.0.202105311346/tools/bin/../lib/gcc/arm-none-eabi/9.3.1/../../../../arm-none-eabi/lib/thumb/v7-m/nofp\libc_nano.a(lib_a-findfp.o)
                0x000000000800414c                __sfp_lock_release
 .text.__sinit_lock_acquire
                0x0000000008004158        0xc c:/st/stm32cubeide_1.7.0/stm32cubeide/plugins/com.st.stm32cube.ide.mcu.externaltools.gnu-tools-for-stm32.9-2020-q2-update.win32_2.0.0.202105311346/tools/bin/../lib/gcc/arm-none-eabi/9.3.1/../../../../arm-none-eabi/lib/thumb/v7-m/nofp\libc_nano.a(lib_a-findfp.o)
                0x0000000008004158                __sinit_lock_acquire
 .text.__sinit_lock_release
                0x0000000008004164        0xc c:/st/stm32cubeide_1.7.0/stm32cubeide/plugins/com.st.stm32cube.ide.mcu.externaltools.gnu-tools-for-stm32.9-2020-q2-update.win32_2.0.0.202105311346/tools/bin/../lib/gcc/arm-none-eabi/9.3.1/../../../../arm-none-eabi/lib/thumb/v7-m/nofp\libc_nano.a(lib_a-findfp.o)
                0x0000000008004164                __sinit_lock_release
 .text.__sinit  0x0000000008004170       0x70 c:/st/stm32cubeide_1.7.0/stm32cubeide/plugins/com.st.stm32cube.ide.mcu.externaltools.gnu-tools-for-stm32.9-2020-q2-update.win32_2.0.0.202105311346/tools/bin/../lib/gcc/arm-none-eabi/9.3.1/../../../../arm-none-eabi/lib/thumb/v7-m/nofp\libc_nano.a(lib_a-findfp.o)
                0x0000000008004170                __sinit
 .text.__sfp    0x00000000080041e0       0x8c c:/st/stm32cubeide_1.7.0/stm32cubeide/plugins/com.st.stm32cube.ide.mcu.externaltools.gnu-tools-for-stm32.9-2020-q2-update.win32_2.0.0.202105311346/tools/bin/../lib/gcc/arm-none-eabi/9.3.1/../../../../arm-none-eabi/lib/thumb/v7-m/nofp\libc_nano.a(lib_a-findfp.o)
                0x00000000080041e0                __sfp
 .text._fwalk_reent
                0x000000000800426c       0x3e c:/st/stm32cubeide_1.7.0/stm32cubeide/plugins/com.st.stm32cube.ide.mcu.externaltools.gnu-tools-for-stm32.9-2020-q2-update.win32_2.0.0.202105311346/tools/bin/../lib/gcc/arm-none-eabi/9.3.1/../../../../arm-none-eabi/lib/thumb/v7-m/nofp\libc_nano.a(lib_a-fwalk.o)
                0x000000000800426c                _fwalk_reent
 .text.__retarget_lock_init_recursive
                0x00000000080042aa        0x2 c:/st/stm32cubeide_1.7.0/stm32cubeide/plugins/com.st.stm32cube.ide.mcu.externaltools.gnu-tools-for-stm32.9-2020-q2-update.win32_2.0.0.202105311346/tools/bin/../lib/gcc/arm-none-eabi/9.3.1/../../../../arm-none-eabi/lib/thumb/v7-m/nofp\libc_nano.a(lib_a-lock.o)
                0x00000000080042aa                __retarget_lock_init_recursive
 .text.__retarget_lock_acquire_recursive
                0x00000000080042ac        0x2 c:/st/stm32cubeide_1.7.0/stm32cubeide/plugins/com.st.stm32cube.ide.mcu.externaltools.gnu-tools-for-stm32.9-2020-q2-update.win32_2.0.0.202105311346/tools/bin/../lib/gcc/arm-none-eabi/9.3.1/../../../../arm-none-eabi/lib/thumb/v7-m/nofp\libc_nano.a(lib_a-lock.o)
                0x00000000080042ac                __retarget_lock_acquire_recursive
 .text.__retarget_lock_release_recursive
                0x00000000080042ae        0x2 c:/st/stm32cubeide_1.7.0/stm32cubeide/plugins/com.st.stm32cube.ide.mcu.externaltools.gnu-tools-for-stm32.9-2020-q2-update.win32_2.0.0.202105311346/tools/bin/../lib/gcc/arm-none-eabi/9.3.1/../../../../arm-none-eabi/lib/thumb/v7-m/nofp\libc_nano.a(lib_a-lock.o)
                0x00000000080042ae                __retarget_lock_release_recursive
 .text.__swhatbuf_r
                0x00000000080042b0       0x48 c:/st/stm32cubeide_1.7.0/stm32cubeide/plugins/com.st.stm32cube.ide.mcu.externaltools.gnu-tools-for-stm32.9-2020-q2-update.win32_2.0.0.202105311346/tools/bin/../lib/gcc/arm-none-eabi/9.3.1/../../../../arm-none-eabi/lib/thumb/v7-m/nofp\libc_nano.a(lib_a-makebuf.o)
                0x00000000080042b0                __swhatbuf_r
 .text.__smakebuf_r
                0x00000000080042f8       0x80 c:/st/stm32cubeide_1.7.0/stm32cubeide/plugins/com.st.stm32cube.ide.mcu.externaltools.gnu-tools-for-stm32.9-2020-q2-update.win32_2.0.0.202105311346/tools/bin/../lib/gcc/arm-none-eabi/9.3.1/../../../../arm-none-eabi/lib/thumb/v7-m/nofp\libc_nano.a(lib_a-makebuf.o)
                0x00000000080042f8                __smakebuf_r
 .text._free_r  0x0000000008004378       0x98 c:/st/stm32cubeide_1.7.0/stm32cubeide/plugins/com.st.stm32cube.ide.mcu.externaltools.gnu-tools-for-stm32.9-2020-q2-update.win32_2.0.0.202105311346/tools/bin/../lib/gcc/arm-none-eabi/9.3.1/../../../../arm-none-eabi/lib/thumb/v7-m/nofp\libc_nano.a(lib_a-nano-freer.o)
                0x0000000008004378                _free_r
 .text._malloc_r
                0x0000000008004410       0xb4 c:/st/stm32cubeide_1.7.0/stm32cubeide/plugins/com.st.stm32cube.ide.mcu.externaltools.gnu-tools-for-stm32.9-2020-q2-update.win32_2.0.0.202105311346/tools/bin/../lib/gcc/arm-none-eabi/9.3.1/../../../../arm-none-eabi/lib/thumb/v7-m/nofp\libc_nano.a(lib_a-nano-mallocr.o)
                0x0000000008004410                _malloc_r
 .text._sbrk_r  0x00000000080044c4       0x20 c:/st/stm32cubeide_1.7.0/stm32cubeide/plugins/com.st.stm32cube.ide.mcu.externaltools.gnu-tools-for-stm32.9-2020-q2-update.win32_2.0.0.202105311346/tools/bin/../lib/gcc/arm-none-eabi/9.3.1/../../../../arm-none-eabi/lib/thumb/v7-m/nofp\libc_nano.a(lib_a-sbrkr.o)
                0x00000000080044c4                _sbrk_r
 .text.__sread  0x00000000080044e4       0x22 c:/st/stm32cubeide_1.7.0/stm32cubeide/plugins/com.st.stm32cube.ide.mcu.externaltools.gnu-tools-for-stm32.9-2020-q2-update.win32_2.0.0.202105311346/tools/bin/../lib/gcc/arm-none-eabi/9.3.1/../../../../arm-none-eabi/lib/thumb/v7-m/nofp\libc_nano.a(lib_a-stdio.o)
                0x00000000080044e4                __sread
 .text.__swrite
                0x0000000008004506       0x38 c:/st/stm32cubeide_1.7.0/stm32cubeide/plugins/com.st.stm32cube.ide.mcu.externaltools.gnu-tools-for-stm32.9-2020-q2-update.win32_2.0.0.202105311346/tools/bin/../lib/gcc/arm-none-eabi/9.3.1/../../../../arm-none-eabi/lib/thumb/v7-m/nofp\libc_nano.a(lib_a-stdio.o)
                0x0000000008004506                __swrite
 .text.__sseek  0x000000000800453e       0x24 c:/st/stm32cubeide_1.7.0/stm32cubeide/plugins/com.st.stm32cube.ide.mcu.externaltools.gnu-tools-for-stm32.9-2020-q2-update.win32_2.0.0.202105311346/tools/bin/../lib/gcc/arm-none-eabi/9.3.1/../../../../arm-none-eabi/lib/thumb/v7-m/nofp\libc_nano.a(lib_a-stdio.o)
                0x000000000800453e                __sseek
 .text.__sclose
                0x0000000008004562        0x8 c:/st/stm32cubeide_1.7.0/stm32cubeide/plugins/com.st.stm32cube.ide.mcu.externaltools.gnu-tools-for-stm32.9-2020-q2-update.win32_2.0.0.202105311346/tools/bin/../lib/gcc/arm-none-eabi/9.3.1/../../../../arm-none-eabi/lib/thumb/v7-m/nofp\libc_nano.a(lib_a-stdio.o)
                0x0000000008004562                __sclose
 *fill*         0x000000000800456a        0x2 
 .text._write_r
                0x000000000800456c       0x24 c:/st/stm32cubeide_1.7.0/stm32cubeide/plugins/com.st.stm32cube.ide.mcu.externaltools.gnu-tools-for-stm32.9-2020-q2-update.win32_2.0.0.202105311346/tools/bin/../lib/gcc/arm-none-eabi/9.3.1/../../../../arm-none-eabi/lib/thumb/v7-m/nofp\libc_nano.a(lib_a-writer.o)
                0x000000000800456c                _write_r
 .text._close_r
                0x0000000008004590       0x20 c:/st/stm32cubeide_1.7.0/stm32cubeide/plugins/com.st.stm32cube.ide.mcu.externaltools.gnu-tools-for-stm32.9-2020-q2-update.win32_2.0.0.202105311346/tools/bin/../lib/gcc/arm-none-eabi/9.3.1/../../../../arm-none-eabi/lib/thumb/v7-m/nofp\libc_nano.a(lib_a-closer.o)
                0x0000000008004590                _close_r
 .text._fstat_r
                0x00000000080045b0       0x24 c:/st/stm32cubeide_1.7.0/stm32cubeide/plugins/com.st.stm32cube.ide.mcu.externaltools.gnu-tools-for-stm32.9-2020-q2-update.win32_2.0.0.202105311346/tools/bin/../lib/gcc/arm-none-eabi/9.3.1/../../../../arm-none-eabi/lib/thumb/v7-m/nofp\libc_nano.a(lib_a-fstatr.o)
                0x00000000080045b0                _fstat_r
 .text._isatty_r
                0x00000000080045d4       0x20 c:/st/stm32cubeide_1.7.0/stm32cubeide/plugins/com.st.stm32cube.ide.mcu.externaltools.gnu-tools-for-stm32.9-2020-q2-update.win32_2.0.0.202105311346/tools/bin/../lib/gcc/arm-none-eabi/9.3.1/../../../../arm-none-eabi/lib/thumb/v7-m/nofp\libc_nano.a(lib_a-isattyr.o)
                0x00000000080045d4                _isatty_r
 .text._lseek_r
                0x00000000080045f4       0x24 c:/st/stm32cubeide_1.7.0/stm32cubeide/plugins/com.st.stm32cube.ide.mcu.externaltools.gnu-tools-for-stm32.9-2020-q2-update.win32_2.0.0.202105311346/tools/bin/../lib/gcc/arm-none-eabi/9.3.1/../../../../arm-none-eabi/lib/thumb/v7-m/nofp\libc_nano.a(lib_a-lseekr.o)
                0x00000000080045f4                _lseek_r
 .text.__malloc_lock
                0x0000000008004618        0xc c:/st/stm32cubeide_1.7.0/stm32cubeide/plugins/com.st.stm32cube.ide.mcu.externaltools.gnu-tools-for-stm32.9-2020-q2-update.win32_2.0.0.202105311346/tools/bin/../lib/gcc/arm-none-eabi/9.3.1/../../../../arm-none-eabi/lib/thumb/v7-m/nofp\libc_nano.a(lib_a-mlock.o)
                0x0000000008004618                __malloc_lock
 .text.__malloc_unlock
                0x0000000008004624        0xc c:/st/stm32cubeide_1.7.0/stm32cubeide/plugins/com.st.stm32cube.ide.mcu.externaltools.gnu-tools-for-stm32.9-2020-q2-update.win32_2.0.0.202105311346/tools/bin/../lib/gcc/arm-none-eabi/9.3.1/../../../../arm-none-eabi/lib/thumb/v7-m/nofp\libc_nano.a(lib_a-mlock.o)
                0x0000000008004624                __malloc_unlock
 .text._read_r  0x0000000008004630       0x24 c:/st/stm32cubeide_1.7.0/stm32cubeide/plugins/com.st.stm32cube.ide.mcu.externaltools.gnu-tools-for-stm32.9-2020-q2-update.win32_2.0.0.202105311346/tools/bin/../lib/gcc/arm-none-eabi/9.3.1/../../../../arm-none-eabi/lib/thumb/v7-m/nofp\libc_nano.a(lib_a-readr.o)
                0x0000000008004630                _read_r
 *(.glue_7)
 .glue_7        0x0000000008004654        0x0 linker stubs
 *(.glue_7t)
 .glue_7t       0x0000000008004654        0x0 linker stubs
 *(.eh_frame)
 .eh_frame      0x0000000008004654        0x0 c:/st/stm32cubeide_1.7.0/stm32cubeide/plugins/com.st.stm32cube.ide.mcu.externaltools.gnu-tools-for-stm32.9-2020-q2-update.win32_2.0.0.202105311346/tools/bin/../lib/gcc/arm-none-eabi/9.3.1/thumb/v7-m/nofp/crtbegin.o
 *(.init)
 .init          0x0000000008004654        0x4 c:/st/stm32cubeide_1.7.0/stm32cubeide/plugins/com.st.stm32cube.ide.mcu.externaltools.gnu-tools-for-stm32.9-2020-q2-update.win32_2.0.0.202105311346/tools/bin/../lib/gcc/arm-none-eabi/9.3.1/thumb/v7-m/nofp/crti.o
                0x0000000008004654                _init
 .init          0x0000000008004658        0x8 c:/st/stm32cubeide_1.7.0/stm32cubeide/plugins/com.st.stm32cube.ide.mcu.externaltools.gnu-tools-for-stm32.9-2020-q2-update.win32_2.0.0.202105311346/tools/bin/../lib/gcc/arm-none-eabi/9.3.1/thumb/v7-m/nofp/crtn.o
 *(.fini)
 .fini          0x0000000008004660        0x4 c:/st/stm32cubeide_1.7.0/stm32cubeide/plugins/com.st.stm32cube.ide.mcu.externaltools.gnu-tools-for-stm32.9-2020-q2-update.win32_2.0.0.202105311346/tools/bin/../lib/gcc/arm-none-eabi/9.3.1/thumb/v7-m/nofp/crti.o
                0x0000000008004660                _fini
 .fini          0x0000000008004664        0x8 c:/st/stm32cubeide_1.7.0/stm32cubeide/plugins/com.st.stm32cube.ide.mcu.externaltools.gnu-tools-for-stm32.9-2020-q2-update.win32_2.0.0.202105311346/tools/bin/../lib/gcc/arm-none-eabi/9.3.1/thumb/v7-m/nofp/crtn.o
                0x000000000800466c                . = ALIGN (0x4)
                0x000000000800466c                _etext = .

.vfp11_veneer   0x000000000800466c        0x0
 .vfp11_veneer  0x000000000800466c        0x0 linker stubs

.v4_bx          0x000000000800466c        0x0
 .v4_bx         0x000000000800466c        0x0 linker stubs

.iplt           0x000000000800466c        0x0
 .iplt          0x000000000800466c        0x0 c:/st/stm32cubeide_1.7.0/stm32cubeide/plugins/com.st.stm32cube.ide.mcu.externaltools.gnu-tools-for-stm32.9-2020-q2-update.win32_2.0.0.202105311346/tools/bin/../lib/gcc/arm-none-eabi/9.3.1/thumb/v7-m/nofp/crtbegin.o

.rodata         0x000000000800466c      0x1c8
                0x000000000800466c                . = ALIGN (0x4)
 *(.rodata)
 .rodata        0x000000000800466c       0xa5 ./Core/Src/input_processing.o
 *fill*         0x0000000008004711        0x3 
 .rodata        0x0000000008004714       0x2a ./Core/Src/main.o
 *fill*         0x000000000800473e        0x2 
 .rodata        0x0000000008004740       0x62 ./Core/Src/traffic_light_processing.o
 *(.rodata*)
 *fill*         0x00000000080047a2        0x2 
 .rodata.AHBPrescTable
                0x00000000080047a4       0x10 ./Core/Src/system_stm32f1xx.o
                0x00000000080047a4                AHBPrescTable
 .rodata.APBPrescTable
                0x00000000080047b4        0x8 ./Core/Src/system_stm32f1xx.o
                0x00000000080047b4                APBPrescTable
 .rodata.aPLLMULFactorTable.6191
                0x00000000080047bc       0x10 ./Drivers/STM32F1xx_HAL_Driver/Src/stm32f1xx_hal_rcc.o
 .rodata.aPredivFactorTable.6192
                0x00000000080047cc        0x2 ./Drivers/STM32F1xx_HAL_Driver/Src/stm32f1xx_hal_rcc.o
 *fill*         0x00000000080047ce        0x2 
 .rodata._global_impure_ptr
                0x00000000080047d0        0x4 c:/st/stm32cubeide_1.7.0/stm32cubeide/plugins/com.st.stm32cube.ide.mcu.externaltools.gnu-tools-for-stm32.9-2020-q2-update.win32_2.0.0.202105311346/tools/bin/../lib/gcc/arm-none-eabi/9.3.1/../../../../arm-none-eabi/lib/thumb/v7-m/nofp\libc_nano.a(lib_a-impure.o)
                0x00000000080047d0                _global_impure_ptr
 .rodata.__sf_fake_stderr
                0x00000000080047d4       0x20 c:/st/stm32cubeide_1.7.0/stm32cubeide/plugins/com.st.stm32cube.ide.mcu.externaltools.gnu-tools-for-stm32.9-2020-q2-update.win32_2.0.0.202105311346/tools/bin/../lib/gcc/arm-none-eabi/9.3.1/../../../../arm-none-eabi/lib/thumb/v7-m/nofp\libc_nano.a(lib_a-findfp.o)
                0x00000000080047d4                __sf_fake_stderr
 .rodata.__sf_fake_stdin
                0x00000000080047f4       0x20 c:/st/stm32cubeide_1.7.0/stm32cubeide/plugins/com.st.stm32cube.ide.mcu.externaltools.gnu-tools-for-stm32.9-2020-q2-update.win32_2.0.0.202105311346/tools/bin/../lib/gcc/arm-none-eabi/9.3.1/../../../../arm-none-eabi/lib/thumb/v7-m/nofp\libc_nano.a(lib_a-findfp.o)
                0x00000000080047f4                __sf_fake_stdin
 .rodata.__sf_fake_stdout
                0x0000000008004814       0x20 c:/st/stm32cubeide_1.7.0/stm32cubeide/plugins/com.st.stm32cube.ide.mcu.externaltools.gnu-tools-for-stm32.9-2020-q2-update.win32_2.0.0.202105311346/tools/bin/../lib/gcc/arm-none-eabi/9.3.1/../../../../arm-none-eabi/lib/thumb/v7-m/nofp\libc_nano.a(lib_a-findfp.o)
                0x0000000008004814                __sf_fake_stdout
                0x0000000008004834                . = ALIGN (0x4)

.rel.dyn        0x0000000008004834        0x0
 .rel.iplt      0x0000000008004834        0x0 c:/st/stm32cubeide_1.7.0/stm32cubeide/plugins/com.st.stm32cube.ide.mcu.externaltools.gnu-tools-for-stm32.9-2020-q2-update.win32_2.0.0.202105311346/tools/bin/../lib/gcc/arm-none-eabi/9.3.1/thumb/v7-m/nofp/crtbegin.o

.ARM.extab      0x0000000008004834        0x0
                0x0000000008004834                . = ALIGN (0x4)
 *(.ARM.extab* .gnu.linkonce.armextab.*)
                0x0000000008004834                . = ALIGN (0x4)

.ARM            0x0000000008004834        0x0
                0x0000000008004834                . = ALIGN (0x4)
                0x0000000008004834                __exidx_start = .
 *(.ARM.exidx*)
                0x0000000008004834                __exidx_end = .
                0x0000000008004834                . = ALIGN (0x4)

.preinit_array  0x0000000008004834        0x0
                0x0000000008004834                . = ALIGN (0x4)
                0x0000000008004834                PROVIDE (__preinit_array_start = .)
 *(.preinit_array*)
                0x0000000008004834                PROVIDE (__preinit_array_end = .)
                0x0000000008004834                . = ALIGN (0x4)

.init_array     0x0000000008004834        0x4
                0x0000000008004834                . = ALIGN (0x4)
                0x0000000008004834                PROVIDE (__init_array_start = .)
 *(SORT_BY_NAME(.init_array.*))
 *(.init_array*)
 .init_array    0x0000000008004834        0x4 c:/st/stm32cubeide_1.7.0/stm32cubeide/plugins/com.st.stm32cube.ide.mcu.externaltools.gnu-tools-for-stm32.9-2020-q2-update.win32_2.0.0.202105311346/tools/bin/../lib/gcc/arm-none-eabi/9.3.1/thumb/v7-m/nofp/crtbegin.o
                0x0000000008004838                PROVIDE (__init_array_end = .)
                0x0000000008004838                . = ALIGN (0x4)

.fini_array     0x0000000008004838        0x4
                0x0000000008004838                . = ALIGN (0x4)
                [!provide]                        PROVIDE (__fini_array_start = .)
 *(SORT_BY_NAME(.fini_array.*))
 *(.fini_array*)
 .fini_array    0x0000000008004838        0x4 c:/st/stm32cubeide_1.7.0/stm32cubeide/plugins/com.st.stm32cube.ide.mcu.externaltools.gnu-tools-for-stm32.9-2020-q2-update.win32_2.0.0.202105311346/tools/bin/../lib/gcc/arm-none-eabi/9.3.1/thumb/v7-m/nofp/crtbegin.o
                [!provide]                        PROVIDE (__fini_array_end = .)
                0x000000000800483c                . = ALIGN (0x4)
                0x000000000800483c                _sidata = LOADADDR (.data)

.data           0x0000000020000000       0xcc load address 0x000000000800483c
                0x0000000020000000                . = ALIGN (0x4)
                0x0000000020000000                _sdata = .
 *(.data)
 *(.data*)
 .data.KeyReg0  0x0000000020000000        0x4 ./Core/Src/button.o
                0x0000000020000000                KeyReg0
 .data.KeyReg1  0x0000000020000004        0x4 ./Core/Src/button.o
                0x0000000020000004                KeyReg1
 .data.KeyReg2  0x0000000020000008        0x4 ./Core/Src/button.o
                0x0000000020000008                KeyReg2
 .data.KeyReg3  0x000000002000000c        0x4 ./Core/Src/button.o
                0x000000002000000c                KeyReg3
 .data.TimeOutForKeyPress
                0x0000000020000010        0x4 ./Core/Src/button.o
                0x0000000020000010                TimeOutForKeyPress
 .data.man_red_time
                0x0000000020000014        0x4 ./Core/Src/global.o
                0x0000000020000014                man_red_time
 .data.man_amber_time
                0x0000000020000018        0x4 ./Core/Src/global.o
                0x0000000020000018                man_amber_time
 .data.man_green_time
                0x000000002000001c        0x4 ./Core/Src/global.o
                0x000000002000001c                man_green_time
 .data.light_time
                0x0000000020000020        0x4 ./Core/Src/global.o
                0x0000000020000020                light_time
 .data.light_time1
                0x0000000020000024        0x4 ./Core/Src/global.o
                0x0000000020000024                light_time1
 .data.status   0x0000000020000028        0x4 ./Core/Src/global.o
                0x0000000020000028                status
 .data.led_status1
                0x000000002000002c        0x4 ./Core/Src/global.o
                0x000000002000002c                led_status1
 .data.led_status2
                0x0000000020000030        0x4 ./Core/Src/global.o
                0x0000000020000030                led_status2
 .data.buttonPort
                0x0000000020000034       0x10 ./Core/Src/input_reading.o
 .data.buttonPin
                0x0000000020000044        0x8 ./Core/Src/input_reading.o
 .data.led7seg  0x000000002000004c        0xa ./Core/Src/led7seg.o
 *fill*         0x0000000020000056        0x2 
 .data.TIMER_CYCLE
                0x0000000020000058        0x4 ./Core/Src/software_timer.o
                0x0000000020000058                TIMER_CYCLE
 .data.SystemCoreClock
                0x000000002000005c        0x4 ./Core/Src/system_stm32f1xx.o
                0x000000002000005c                SystemCoreClock
 .data.uwTickPrio
                0x0000000020000060        0x4 ./Drivers/STM32F1xx_HAL_Driver/Src/stm32f1xx_hal.o
                0x0000000020000060                uwTickPrio
 .data.uwTickFreq
                0x0000000020000064        0x1 ./Drivers/STM32F1xx_HAL_Driver/Src/stm32f1xx_hal.o
                0x0000000020000064                uwTickFreq
 *fill*         0x0000000020000065        0x3 
 .data._impure_ptr
                0x0000000020000068        0x4 c:/st/stm32cubeide_1.7.0/stm32cubeide/plugins/com.st.stm32cube.ide.mcu.externaltools.gnu-tools-for-stm32.9-2020-q2-update.win32_2.0.0.202105311346/tools/bin/../lib/gcc/arm-none-eabi/9.3.1/../../../../arm-none-eabi/lib/thumb/v7-m/nofp\libc_nano.a(lib_a-impure.o)
                0x0000000020000068                _impure_ptr
 .data.impure_data
                0x000000002000006c       0x60 c:/st/stm32cubeide_1.7.0/stm32cubeide/plugins/com.st.stm32cube.ide.mcu.externaltools.gnu-tools-for-stm32.9-2020-q2-update.win32_2.0.0.202105311346/tools/bin/../lib/gcc/arm-none-eabi/9.3.1/../../../../arm-none-eabi/lib/thumb/v7-m/nofp\libc_nano.a(lib_a-impure.o)
 *(.RamFunc)
 *(.RamFunc*)
                0x00000000200000cc                . = ALIGN (0x4)
                0x00000000200000cc                _edata = .

.igot.plt       0x00000000200000cc        0x0 load address 0x0000000008004908
 .igot.plt      0x00000000200000cc        0x0 c:/st/stm32cubeide_1.7.0/stm32cubeide/plugins/com.st.stm32cube.ide.mcu.externaltools.gnu-tools-for-stm32.9-2020-q2-update.win32_2.0.0.202105311346/tools/bin/../lib/gcc/arm-none-eabi/9.3.1/thumb/v7-m/nofp/crtbegin.o
                0x00000000200000cc                . = ALIGN (0x4)

.bss            0x00000000200000cc      0x13c load address 0x0000000008004908
                0x00000000200000cc                _sbss = .
                0x00000000200000cc                __bss_start__ = _sbss
 *(.bss)
 .bss           0x00000000200000cc       0x1c c:/st/stm32cubeide_1.7.0/stm32cubeide/plugins/com.st.stm32cube.ide.mcu.externaltools.gnu-tools-for-stm32.9-2020-q2-update.win32_2.0.0.202105311346/tools/bin/../lib/gcc/arm-none-eabi/9.3.1/thumb/v7-m/nofp/crtbegin.o
 *(.bss*)
 .bss.button1_flag
                0x00000000200000e8        0x4 ./Core/Src/button.o
                0x00000000200000e8                button1_flag
 .bss.temp_value
                0x00000000200000ec        0x4 ./Core/Src/global.o
                0x00000000200000ec                temp_value
 .bss.index_led
                0x00000000200000f0        0x4 ./Core/Src/global.o
                0x00000000200000f0                index_led
 .bss.AllowToExecuteAfterASecondPressed
                0x00000000200000f4        0x4 ./Core/Src/global.o
                0x00000000200000f4                AllowToExecuteAfterASecondPressed
 .bss.flagForButtonPressOneQuarterSecond
                0x00000000200000f8       0x10 ./Core/Src/global.o
                0x00000000200000f8                flagForButtonPressOneQuarterSecond
 .bss.buttonState
                0x0000000020000108        0x1 ./Core/Src/input_processing.o
                0x0000000020000108                buttonState
 *fill*         0x0000000020000109        0x3 
 .bss.buttonBuffer
                0x000000002000010c        0x4 ./Core/Src/input_reading.o
 .bss.debounceButtonBuffer1
                0x0000000020000110        0x4 ./Core/Src/input_reading.o
 .bss.debounceButtonBuffer2
                0x0000000020000114        0x4 ./Core/Src/input_reading.o
 .bss.flagForButtonPress1s
                0x0000000020000118        0x4 ./Core/Src/input_reading.o
 .bss.counterForButtonPress1s
                0x000000002000011c        0x8 ./Core/Src/input_reading.o
 .bss.counterForButtonPressOneQuarterSecond
                0x0000000020000124        0x8 ./Core/Src/input_reading.o
 .bss.led_buffer
                0x000000002000012c        0x4 ./Core/Src/led7seg.o
 .bss.timer1_flag
                0x0000000020000130        0x4 ./Core/Src/software_timer.o
                0x0000000020000130                timer1_flag
 .bss.timer2_flag
                0x0000000020000134        0x4 ./Core/Src/software_timer.o
                0x0000000020000134                timer2_flag
 .bss.timer3_flag
                0x0000000020000138        0x4 ./Core/Src/software_timer.o
                0x0000000020000138                timer3_flag
 .bss.timer4_flag
                0x000000002000013c        0x4 ./Core/Src/software_timer.o
                0x000000002000013c                timer4_flag
 .bss.timer5_flag
                0x0000000020000140        0x4 ./Core/Src/software_timer.o
                0x0000000020000140                timer5_flag
 .bss.timer1_counter
                0x0000000020000144        0x4 ./Core/Src/software_timer.o
                0x0000000020000144                timer1_counter
 .bss.timer2_counter
                0x0000000020000148        0x4 ./Core/Src/software_timer.o
                0x0000000020000148                timer2_counter
 .bss.timer3_counter
                0x000000002000014c        0x4 ./Core/Src/software_timer.o
                0x000000002000014c                timer3_counter
 .bss.timer4_counter
                0x0000000020000150        0x4 ./Core/Src/software_timer.o
                0x0000000020000150                timer4_counter
 .bss.timer5_counter
                0x0000000020000154        0x4 ./Core/Src/software_timer.o
                0x0000000020000154                timer5_counter
 .bss.__sbrk_heap_end
                0x0000000020000158        0x4 ./Core/Src/sysmem.o
 .bss.__malloc_free_list
                0x000000002000015c        0x4 c:/st/stm32cubeide_1.7.0/stm32cubeide/plugins/com.st.stm32cube.ide.mcu.externaltools.gnu-tools-for-stm32.9-2020-q2-update.win32_2.0.0.202105311346/tools/bin/../lib/gcc/arm-none-eabi/9.3.1/../../../../arm-none-eabi/lib/thumb/v7-m/nofp\libc_nano.a(lib_a-nano-mallocr.o)
                0x000000002000015c                __malloc_free_list
 .bss.__malloc_sbrk_start
                0x0000000020000160        0x4 c:/st/stm32cubeide_1.7.0/stm32cubeide/plugins/com.st.stm32cube.ide.mcu.externaltools.gnu-tools-for-stm32.9-2020-q2-update.win32_2.0.0.202105311346/tools/bin/../lib/gcc/arm-none-eabi/9.3.1/../../../../arm-none-eabi/lib/thumb/v7-m/nofp\libc_nano.a(lib_a-nano-mallocr.o)
                0x0000000020000160                __malloc_sbrk_start
 *(COMMON)
 COMMON         0x0000000020000164       0x90 ./Core/Src/main.o
                0x0000000020000164                htim2
                0x00000000200001ac                huart2
 COMMON         0x00000000200001f4        0x4 ./Drivers/STM32F1xx_HAL_Driver/Src/stm32f1xx_hal.o
                0x00000000200001f4                uwTick
 COMMON         0x00000000200001f8        0x9 c:/st/stm32cubeide_1.7.0/stm32cubeide/plugins/com.st.stm32cube.ide.mcu.externaltools.gnu-tools-for-stm32.9-2020-q2-update.win32_2.0.0.202105311346/tools/bin/../lib/gcc/arm-none-eabi/9.3.1/../../../../arm-none-eabi/lib/thumb/v7-m/nofp\libc_nano.a(lib_a-lock.o)
                0x00000000200001f8                __lock___atexit_recursive_mutex
                0x00000000200001f9                __lock___arc4random_mutex
                0x00000000200001fa                __lock___env_recursive_mutex
                0x00000000200001fb                __lock___sinit_recursive_mutex
                0x00000000200001fc                __lock___malloc_recursive_mutex
                0x00000000200001fd                __lock___at_quick_exit_mutex
                0x00000000200001fe                __lock___dd_hash_mutex
                0x00000000200001ff                __lock___tz_mutex
                0x0000000020000200                __lock___sfp_recursive_mutex
 *fill*         0x0000000020000201        0x3 
 COMMON         0x0000000020000204        0x4 c:/st/stm32cubeide_1.7.0/stm32cubeide/plugins/com.st.stm32cube.ide.mcu.externaltools.gnu-tools-for-stm32.9-2020-q2-update.win32_2.0.0.202105311346/tools/bin/../lib/gcc/arm-none-eabi/9.3.1/../../../../arm-none-eabi/lib/thumb/v7-m/nofp\libc_nano.a(lib_a-reent.o)
                0x0000000020000204                errno
                0x0000000020000208                . = ALIGN (0x4)
                0x0000000020000208                _ebss = .
                0x0000000020000208                __bss_end__ = _ebss

._user_heap_stack
                0x0000000020000208      0x600 load address 0x0000000008004908
                0x0000000020000208                . = ALIGN (0x8)
                [!provide]                        PROVIDE (end = .)
                0x0000000020000208                PROVIDE (_end = .)
                0x0000000020000408                . = (. + _Min_Heap_Size)
 *fill*         0x0000000020000208      0x200 
                0x0000000020000808                . = (. + _Min_Stack_Size)
 *fill*         0x0000000020000408      0x400 
                0x0000000020000808                . = ALIGN (0x8)

/DISCARD/
 libc.a(*)
 libm.a(*)
 libgcc.a(*)

.ARM.attributes
                0x0000000000000000       0x29
 *(.ARM.attributes)
 .ARM.attributes
                0x0000000000000000       0x1d c:/st/stm32cubeide_1.7.0/stm32cubeide/plugins/com.st.stm32cube.ide.mcu.externaltools.gnu-tools-for-stm32.9-2020-q2-update.win32_2.0.0.202105311346/tools/bin/../lib/gcc/arm-none-eabi/9.3.1/thumb/v7-m/nofp/crti.o
 .ARM.attributes
                0x000000000000001d       0x2d c:/st/stm32cubeide_1.7.0/stm32cubeide/plugins/com.st.stm32cube.ide.mcu.externaltools.gnu-tools-for-stm32.9-2020-q2-update.win32_2.0.0.202105311346/tools/bin/../lib/gcc/arm-none-eabi/9.3.1/thumb/v7-m/nofp/crtbegin.o
 .ARM.attributes
                0x000000000000004a       0x2d ./Core/Src/button.o
 .ARM.attributes
                0x0000000000000077       0x33 ./Core/Src/global.o
 .ARM.attributes
                0x00000000000000aa       0x2d ./Core/Src/input_processing.o
 .ARM.attributes
                0x00000000000000d7       0x2d ./Core/Src/input_reading.o
 .ARM.attributes
                0x0000000000000104       0x2d ./Core/Src/led7seg.o
 .ARM.attributes
                0x0000000000000131       0x2d ./Core/Src/main.o
 .ARM.attributes
                0x000000000000015e       0x2d ./Core/Src/output_display.o
 .ARM.attributes
                0x000000000000018b       0x2d ./Core/Src/software_timer.o
 .ARM.attributes
                0x00000000000001b8       0x2d ./Core/Src/stm32f1xx_hal_msp.o
 .ARM.attributes
                0x00000000000001e5       0x2d ./Core/Src/stm32f1xx_it.o
 .ARM.attributes
                0x0000000000000212       0x2d ./Core/Src/syscalls.o
 .ARM.attributes
                0x000000000000023f       0x2d ./Core/Src/sysmem.o
 .ARM.attributes
                0x000000000000026c       0x2d ./Core/Src/system_stm32f1xx.o
 .ARM.attributes
                0x0000000000000299       0x2d ./Core/Src/timer.o
 .ARM.attributes
                0x00000000000002c6       0x2d ./Core/Src/traffic_light_processing.o
 .ARM.attributes
                0x00000000000002f3       0x21 ./Core/Startup/startup_stm32f103c6ux.o
 .ARM.attributes
                0x0000000000000314       0x2d ./Drivers/STM32F1xx_HAL_Driver/Src/stm32f1xx_hal.o
 .ARM.attributes
                0x0000000000000341       0x2d ./Drivers/STM32F1xx_HAL_Driver/Src/stm32f1xx_hal_cortex.o
 .ARM.attributes
                0x000000000000036e       0x2d ./Drivers/STM32F1xx_HAL_Driver/Src/stm32f1xx_hal_dma.o
 .ARM.attributes
                0x000000000000039b       0x2d ./Drivers/STM32F1xx_HAL_Driver/Src/stm32f1xx_hal_gpio.o
 .ARM.attributes
                0x00000000000003c8       0x2d ./Drivers/STM32F1xx_HAL_Driver/Src/stm32f1xx_hal_rcc.o
 .ARM.attributes
                0x00000000000003f5       0x2d ./Drivers/STM32F1xx_HAL_Driver/Src/stm32f1xx_hal_tim.o
 .ARM.attributes
                0x0000000000000422       0x2d ./Drivers/STM32F1xx_HAL_Driver/Src/stm32f1xx_hal_tim_ex.o
 .ARM.attributes
                0x000000000000044f       0x2d ./Drivers/STM32F1xx_HAL_Driver/Src/stm32f1xx_hal_uart.o
 .ARM.attributes
                0x000000000000047c       0x2d c:/st/stm32cubeide_1.7.0/stm32cubeide/plugins/com.st.stm32cube.ide.mcu.externaltools.gnu-tools-for-stm32.9-2020-q2-update.win32_2.0.0.202105311346/tools/bin/../lib/gcc/arm-none-eabi/9.3.1/../../../../arm-none-eabi/lib/thumb/v7-m/nofp\libc_nano.a(lib_a-errno.o)
 .ARM.attributes
                0x00000000000004a9       0x2d c:/st/stm32cubeide_1.7.0/stm32cubeide/plugins/com.st.stm32cube.ide.mcu.externaltools.gnu-tools-for-stm32.9-2020-q2-update.win32_2.0.0.202105311346/tools/bin/../lib/gcc/arm-none-eabi/9.3.1/../../../../arm-none-eabi/lib/thumb/v7-m/nofp\libc_nano.a(lib_a-impure.o)
 .ARM.attributes
                0x00000000000004d6       0x2d c:/st/stm32cubeide_1.7.0/stm32cubeide/plugins/com.st.stm32cube.ide.mcu.externaltools.gnu-tools-for-stm32.9-2020-q2-update.win32_2.0.0.202105311346/tools/bin/../lib/gcc/arm-none-eabi/9.3.1/../../../../arm-none-eabi/lib/thumb/v7-m/nofp\libc_nano.a(lib_a-init.o)
 .ARM.attributes
                0x0000000000000503       0x2d c:/st/stm32cubeide_1.7.0/stm32cubeide/plugins/com.st.stm32cube.ide.mcu.externaltools.gnu-tools-for-stm32.9-2020-q2-update.win32_2.0.0.202105311346/tools/bin/../lib/gcc/arm-none-eabi/9.3.1/../../../../arm-none-eabi/lib/thumb/v7-m/nofp\libc_nano.a(lib_a-memset.o)
 .ARM.attributes
                0x0000000000000530       0x2d c:/st/stm32cubeide_1.7.0/stm32cubeide/plugins/com.st.stm32cube.ide.mcu.externaltools.gnu-tools-for-stm32.9-2020-q2-update.win32_2.0.0.202105311346/tools/bin/../lib/gcc/arm-none-eabi/9.3.1/../../../../arm-none-eabi/lib/thumb/v7-m/nofp\libc_nano.a(lib_a-puts.o)
 .ARM.attributes
                0x000000000000055d       0x2d c:/st/stm32cubeide_1.7.0/stm32cubeide/plugins/com.st.stm32cube.ide.mcu.externaltools.gnu-tools-for-stm32.9-2020-q2-update.win32_2.0.0.202105311346/tools/bin/../lib/gcc/arm-none-eabi/9.3.1/../../../../arm-none-eabi/lib/thumb/v7-m/nofp\libc_nano.a(lib_a-wbuf.o)
 .ARM.attributes
                0x000000000000058a       0x2d c:/st/stm32cubeide_1.7.0/stm32cubeide/plugins/com.st.stm32cube.ide.mcu.externaltools.gnu-tools-for-stm32.9-2020-q2-update.win32_2.0.0.202105311346/tools/bin/../lib/gcc/arm-none-eabi/9.3.1/../../../../arm-none-eabi/lib/thumb/v7-m/nofp\libc_nano.a(lib_a-wsetup.o)
 .ARM.attributes
                0x00000000000005b7       0x2d c:/st/stm32cubeide_1.7.0/stm32cubeide/plugins/com.st.stm32cube.ide.mcu.externaltools.gnu-tools-for-stm32.9-2020-q2-update.win32_2.0.0.202105311346/tools/bin/../lib/gcc/arm-none-eabi/9.3.1/../../../../arm-none-eabi/lib/thumb/v7-m/nofp\libc_nano.a(lib_a-fflush.o)
 .ARM.attributes
                0x00000000000005e4       0x2d c:/st/stm32cubeide_1.7.0/stm32cubeide/plugins/com.st.stm32cube.ide.mcu.externaltools.gnu-tools-for-stm32.9-2020-q2-update.win32_2.0.0.202105311346/tools/bin/../lib/gcc/arm-none-eabi/9.3.1/../../../../arm-none-eabi/lib/thumb/v7-m/nofp\libc_nano.a(lib_a-findfp.o)
 .ARM.attributes
                0x0000000000000611       0x2d c:/st/stm32cubeide_1.7.0/stm32cubeide/plugins/com.st.stm32cube.ide.mcu.externaltools.gnu-tools-for-stm32.9-2020-q2-update.win32_2.0.0.202105311346/tools/bin/../lib/gcc/arm-none-eabi/9.3.1/../../../../arm-none-eabi/lib/thumb/v7-m/nofp\libc_nano.a(lib_a-fwalk.o)
 .ARM.attributes
                0x000000000000063e       0x2d c:/st/stm32cubeide_1.7.0/stm32cubeide/plugins/com.st.stm32cube.ide.mcu.externaltools.gnu-tools-for-stm32.9-2020-q2-update.win32_2.0.0.202105311346/tools/bin/../lib/gcc/arm-none-eabi/9.3.1/../../../../arm-none-eabi/lib/thumb/v7-m/nofp\libc_nano.a(lib_a-lock.o)
 .ARM.attributes
                0x000000000000066b       0x2d c:/st/stm32cubeide_1.7.0/stm32cubeide/plugins/com.st.stm32cube.ide.mcu.externaltools.gnu-tools-for-stm32.9-2020-q2-update.win32_2.0.0.202105311346/tools/bin/../lib/gcc/arm-none-eabi/9.3.1/../../../../arm-none-eabi/lib/thumb/v7-m/nofp\libc_nano.a(lib_a-makebuf.o)
 .ARM.attributes
                0x0000000000000698       0x2d c:/st/stm32cubeide_1.7.0/stm32cubeide/plugins/com.st.stm32cube.ide.mcu.externaltools.gnu-tools-for-stm32.9-2020-q2-update.win32_2.0.0.202105311346/tools/bin/../lib/gcc/arm-none-eabi/9.3.1/../../../../arm-none-eabi/lib/thumb/v7-m/nofp\libc_nano.a(lib_a-nano-freer.o)
 .ARM.attributes
                0x00000000000006c5       0x2d c:/st/stm32cubeide_1.7.0/stm32cubeide/plugins/com.st.stm32cube.ide.mcu.externaltools.gnu-tools-for-stm32.9-2020-q2-update.win32_2.0.0.202105311346/tools/bin/../lib/gcc/arm-none-eabi/9.3.1/../../../../arm-none-eabi/lib/thumb/v7-m/nofp\libc_nano.a(lib_a-nano-mallocr.o)
 .ARM.attributes
                0x00000000000006f2       0x2d c:/st/stm32cubeide_1.7.0/stm32cubeide/plugins/com.st.stm32cube.ide.mcu.externaltools.gnu-tools-for-stm32.9-2020-q2-update.win32_2.0.0.202105311346/tools/bin/../lib/gcc/arm-none-eabi/9.3.1/../../../../arm-none-eabi/lib/thumb/v7-m/nofp\libc_nano.a(lib_a-sbrkr.o)
 .ARM.attributes
                0x000000000000071f       0x2d c:/st/stm32cubeide_1.7.0/stm32cubeide/plugins/com.st.stm32cube.ide.mcu.externaltools.gnu-tools-for-stm32.9-2020-q2-update.win32_2.0.0.202105311346/tools/bin/../lib/gcc/arm-none-eabi/9.3.1/../../../../arm-none-eabi/lib/thumb/v7-m/nofp\libc_nano.a(lib_a-stdio.o)
 .ARM.attributes
                0x000000000000074c       0x2d c:/st/stm32cubeide_1.7.0/stm32cubeide/plugins/com.st.stm32cube.ide.mcu.externaltools.gnu-tools-for-stm32.9-2020-q2-update.win32_2.0.0.202105311346/tools/bin/../lib/gcc/arm-none-eabi/9.3.1/../../../../arm-none-eabi/lib/thumb/v7-m/nofp\libc_nano.a(lib_a-writer.o)
 .ARM.attributes
                0x0000000000000779       0x2d c:/st/stm32cubeide_1.7.0/stm32cubeide/plugins/com.st.stm32cube.ide.mcu.externaltools.gnu-tools-for-stm32.9-2020-q2-update.win32_2.0.0.202105311346/tools/bin/../lib/gcc/arm-none-eabi/9.3.1/../../../../arm-none-eabi/lib/thumb/v7-m/nofp\libc_nano.a(lib_a-closer.o)
 .ARM.attributes
                0x00000000000007a6       0x2d c:/st/stm32cubeide_1.7.0/stm32cubeide/plugins/com.st.stm32cube.ide.mcu.externaltools.gnu-tools-for-stm32.9-2020-q2-update.win32_2.0.0.202105311346/tools/bin/../lib/gcc/arm-none-eabi/9.3.1/../../../../arm-none-eabi/lib/thumb/v7-m/nofp\libc_nano.a(lib_a-fstatr.o)
 .ARM.attributes
                0x00000000000007d3       0x2d c:/st/stm32cubeide_1.7.0/stm32cubeide/plugins/com.st.stm32cube.ide.mcu.externaltools.gnu-tools-for-stm32.9-2020-q2-update.win32_2.0.0.202105311346/tools/bin/../lib/gcc/arm-none-eabi/9.3.1/../../../../arm-none-eabi/lib/thumb/v7-m/nofp\libc_nano.a(lib_a-isattyr.o)
 .ARM.attributes
                0x0000000000000800       0x2d c:/st/stm32cubeide_1.7.0/stm32cubeide/plugins/com.st.stm32cube.ide.mcu.externaltools.gnu-tools-for-stm32.9-2020-q2-update.win32_2.0.0.202105311346/tools/bin/../lib/gcc/arm-none-eabi/9.3.1/../../../../arm-none-eabi/lib/thumb/v7-m/nofp\libc_nano.a(lib_a-lseekr.o)
 .ARM.attributes
                0x000000000000082d       0x2d c:/st/stm32cubeide_1.7.0/stm32cubeide/plugins/com.st.stm32cube.ide.mcu.externaltools.gnu-tools-for-stm32.9-2020-q2-update.win32_2.0.0.202105311346/tools/bin/../lib/gcc/arm-none-eabi/9.3.1/../../../../arm-none-eabi/lib/thumb/v7-m/nofp\libc_nano.a(lib_a-mlock.o)
 .ARM.attributes
                0x000000000000085a       0x2d c:/st/stm32cubeide_1.7.0/stm32cubeide/plugins/com.st.stm32cube.ide.mcu.externaltools.gnu-tools-for-stm32.9-2020-q2-update.win32_2.0.0.202105311346/tools/bin/../lib/gcc/arm-none-eabi/9.3.1/../../../../arm-none-eabi/lib/thumb/v7-m/nofp\libc_nano.a(lib_a-readr.o)
 .ARM.attributes
                0x0000000000000887       0x2d c:/st/stm32cubeide_1.7.0/stm32cubeide/plugins/com.st.stm32cube.ide.mcu.externaltools.gnu-tools-for-stm32.9-2020-q2-update.win32_2.0.0.202105311346/tools/bin/../lib/gcc/arm-none-eabi/9.3.1/../../../../arm-none-eabi/lib/thumb/v7-m/nofp\libc_nano.a(lib_a-reent.o)
 .ARM.attributes
                0x00000000000008b4       0x1d c:/st/stm32cubeide_1.7.0/stm32cubeide/plugins/com.st.stm32cube.ide.mcu.externaltools.gnu-tools-for-stm32.9-2020-q2-update.win32_2.0.0.202105311346/tools/bin/../lib/gcc/arm-none-eabi/9.3.1/thumb/v7-m/nofp/crtn.o
OUTPUT(LAB_3.elf elf32-littlearm)
LOAD linker stubs
LOAD c:/st/stm32cubeide_1.7.0/stm32cubeide/plugins/com.st.stm32cube.ide.mcu.externaltools.gnu-tools-for-stm32.9-2020-q2-update.win32_2.0.0.202105311346/tools/bin/../lib/gcc/arm-none-eabi/9.3.1/../../../../arm-none-eabi/lib/thumb/v7-m/nofp\libc.a
LOAD c:/st/stm32cubeide_1.7.0/stm32cubeide/plugins/com.st.stm32cube.ide.mcu.externaltools.gnu-tools-for-stm32.9-2020-q2-update.win32_2.0.0.202105311346/tools/bin/../lib/gcc/arm-none-eabi/9.3.1/../../../../arm-none-eabi/lib/thumb/v7-m/nofp\libm.a
LOAD c:/st/stm32cubeide_1.7.0/stm32cubeide/plugins/com.st.stm32cube.ide.mcu.externaltools.gnu-tools-for-stm32.9-2020-q2-update.win32_2.0.0.202105311346/tools/bin/../lib/gcc/arm-none-eabi/9.3.1/thumb/v7-m/nofp\libgcc.a

.debug_info     0x0000000000000000    0x12108
 .debug_info    0x0000000000000000      0x2e3 ./Core/Src/button.o
 .debug_info    0x00000000000002e3      0x2c0 ./Core/Src/global.o
 .debug_info    0x00000000000005a3      0xc6c ./Core/Src/input_processing.o
 .debug_info    0x000000000000120f      0x457 ./Core/Src/input_reading.o
 .debug_info    0x0000000000001666      0x3a5 ./Core/Src/led7seg.o
 .debug_info    0x0000000000001a0b     0x1788 ./Core/Src/main.o
 .debug_info    0x0000000000003193      0x68a ./Core/Src/output_display.o
 .debug_info    0x000000000000381d      0x21d ./Core/Src/software_timer.o
 .debug_info    0x0000000000003a3a      0xdd8 ./Core/Src/stm32f1xx_hal_msp.o
 .debug_info    0x0000000000004812      0xa4b ./Core/Src/stm32f1xx_it.o
 .debug_info    0x000000000000525d      0xfa8 ./Core/Src/syscalls.o
 .debug_info    0x0000000000006205      0xa25 ./Core/Src/sysmem.o
 .debug_info    0x0000000000006c2a      0x2be ./Core/Src/system_stm32f1xx.o
 .debug_info    0x0000000000006ee8      0x79d ./Core/Src/timer.o
 .debug_info    0x0000000000007685      0xc20 ./Core/Src/traffic_light_processing.o
 .debug_info    0x00000000000082a5       0x22 ./Core/Startup/startup_stm32f103c6ux.o
 .debug_info    0x00000000000082c7      0x74c ./Drivers/STM32F1xx_HAL_Driver/Src/stm32f1xx_hal.o
 .debug_info    0x0000000000008a13      0xbbe ./Drivers/STM32F1xx_HAL_Driver/Src/stm32f1xx_hal_cortex.o
 .debug_info    0x00000000000095d1      0x823 ./Drivers/STM32F1xx_HAL_Driver/Src/stm32f1xx_hal_dma.o
 .debug_info    0x0000000000009df4      0x701 ./Drivers/STM32F1xx_HAL_Driver/Src/stm32f1xx_hal_gpio.o
 .debug_info    0x000000000000a4f5      0x893 ./Drivers/STM32F1xx_HAL_Driver/Src/stm32f1xx_hal_rcc.o
 .debug_info    0x000000000000ad88     0x2c12 ./Drivers/STM32F1xx_HAL_Driver/Src/stm32f1xx_hal_tim.o
 .debug_info    0x000000000000d99a     0x157f ./Drivers/STM32F1xx_HAL_Driver/Src/stm32f1xx_hal_tim_ex.o
 .debug_info    0x000000000000ef19     0x31ef ./Drivers/STM32F1xx_HAL_Driver/Src/stm32f1xx_hal_uart.o

.debug_abbrev   0x0000000000000000     0x2b7c
 .debug_abbrev  0x0000000000000000      0x139 ./Core/Src/button.o
 .debug_abbrev  0x0000000000000139       0xa9 ./Core/Src/global.o
 .debug_abbrev  0x00000000000001e2      0x249 ./Core/Src/input_processing.o
 .debug_abbrev  0x000000000000042b      0x15b ./Core/Src/input_reading.o
 .debug_abbrev  0x0000000000000586      0x1b6 ./Core/Src/led7seg.o
 .debug_abbrev  0x000000000000073c      0x29f ./Core/Src/main.o
 .debug_abbrev  0x00000000000009db      0x16f ./Core/Src/output_display.o
 .debug_abbrev  0x0000000000000b4a       0xb6 ./Core/Src/software_timer.o
 .debug_abbrev  0x0000000000000c00      0x1c8 ./Core/Src/stm32f1xx_hal_msp.o
 .debug_abbrev  0x0000000000000dc8      0x176 ./Core/Src/stm32f1xx_it.o
 .debug_abbrev  0x0000000000000f3e      0x286 ./Core/Src/syscalls.o
 .debug_abbrev  0x00000000000011c4      0x1bf ./Core/Src/sysmem.o
 .debug_abbrev  0x0000000000001383      0x14e ./Core/Src/system_stm32f1xx.o
 .debug_abbrev  0x00000000000014d1      0x16f ./Core/Src/timer.o
 .debug_abbrev  0x0000000000001640      0x1f8 ./Core/Src/traffic_light_processing.o
 .debug_abbrev  0x0000000000001838       0x12 ./Core/Startup/startup_stm32f103c6ux.o
 .debug_abbrev  0x000000000000184a      0x1ed ./Drivers/STM32F1xx_HAL_Driver/Src/stm32f1xx_hal.o
 .debug_abbrev  0x0000000000001a37      0x313 ./Drivers/STM32F1xx_HAL_Driver/Src/stm32f1xx_hal_cortex.o
 .debug_abbrev  0x0000000000001d4a      0x228 ./Drivers/STM32F1xx_HAL_Driver/Src/stm32f1xx_hal_dma.o
 .debug_abbrev  0x0000000000001f72      0x1e8 ./Drivers/STM32F1xx_HAL_Driver/Src/stm32f1xx_hal_gpio.o
 .debug_abbrev  0x000000000000215a      0x273 ./Drivers/STM32F1xx_HAL_Driver/Src/stm32f1xx_hal_rcc.o
 .debug_abbrev  0x00000000000023cd      0x25e ./Drivers/STM32F1xx_HAL_Driver/Src/stm32f1xx_hal_tim.o
 .debug_abbrev  0x000000000000262b      0x266 ./Drivers/STM32F1xx_HAL_Driver/Src/stm32f1xx_hal_tim_ex.o
 .debug_abbrev  0x0000000000002891      0x2eb ./Drivers/STM32F1xx_HAL_Driver/Src/stm32f1xx_hal_uart.o

.debug_aranges  0x0000000000000000      0xe70
 .debug_aranges
                0x0000000000000000       0x28 ./Core/Src/button.o
 .debug_aranges
                0x0000000000000028       0x18 ./Core/Src/global.o
 .debug_aranges
                0x0000000000000040       0x40 ./Core/Src/input_processing.o
 .debug_aranges
                0x0000000000000080       0x38 ./Core/Src/input_reading.o
 .debug_aranges
                0x00000000000000b8       0x48 ./Core/Src/led7seg.o
 .debug_aranges
                0x0000000000000100       0x48 ./Core/Src/main.o
 .debug_aranges
                0x0000000000000148       0x20 ./Core/Src/output_display.o
 .debug_aranges
                0x0000000000000168       0x50 ./Core/Src/software_timer.o
 .debug_aranges
                0x00000000000001b8       0x40 ./Core/Src/stm32f1xx_hal_msp.o
 .debug_aranges
                0x00000000000001f8       0x70 ./Core/Src/stm32f1xx_it.o
 .debug_aranges
                0x0000000000000268       0xa8 ./Core/Src/syscalls.o
 .debug_aranges
                0x0000000000000310       0x20 ./Core/Src/sysmem.o
 .debug_aranges
                0x0000000000000330       0x28 ./Core/Src/system_stm32f1xx.o
 .debug_aranges
                0x0000000000000358       0x20 ./Core/Src/timer.o
 .debug_aranges
                0x0000000000000378       0x48 ./Core/Src/traffic_light_processing.o
 .debug_aranges
                0x00000000000003c0       0x28 ./Core/Startup/startup_stm32f103c6ux.o
 .debug_aranges
                0x00000000000003e8       0xe0 ./Drivers/STM32F1xx_HAL_Driver/Src/stm32f1xx_hal.o
 .debug_aranges
                0x00000000000004c8      0x100 ./Drivers/STM32F1xx_HAL_Driver/Src/stm32f1xx_hal_cortex.o
 .debug_aranges
                0x00000000000005c8       0x80 ./Drivers/STM32F1xx_HAL_Driver/Src/stm32f1xx_hal_dma.o
 .debug_aranges
                0x0000000000000648       0x58 ./Drivers/STM32F1xx_HAL_Driver/Src/stm32f1xx_hal_gpio.o
 .debug_aranges
                0x00000000000006a0       0x90 ./Drivers/STM32F1xx_HAL_Driver/Src/stm32f1xx_hal_rcc.o
 .debug_aranges
                0x0000000000000730      0x3d0 ./Drivers/STM32F1xx_HAL_Driver/Src/stm32f1xx_hal_tim.o
 .debug_aranges
                0x0000000000000b00      0x168 ./Drivers/STM32F1xx_HAL_Driver/Src/stm32f1xx_hal_tim_ex.o
 .debug_aranges
                0x0000000000000c68      0x208 ./Drivers/STM32F1xx_HAL_Driver/Src/stm32f1xx_hal_uart.o

.debug_ranges   0x0000000000000000      0xd20
 .debug_ranges  0x0000000000000000       0x18 ./Core/Src/button.o
 .debug_ranges  0x0000000000000018       0x30 ./Core/Src/input_processing.o
 .debug_ranges  0x0000000000000048       0x28 ./Core/Src/input_reading.o
 .debug_ranges  0x0000000000000070       0x38 ./Core/Src/led7seg.o
 .debug_ranges  0x00000000000000a8       0x38 ./Core/Src/main.o
 .debug_ranges  0x00000000000000e0       0x10 ./Core/Src/output_display.o
 .debug_ranges  0x00000000000000f0       0x40 ./Core/Src/software_timer.o
 .debug_ranges  0x0000000000000130       0x30 ./Core/Src/stm32f1xx_hal_msp.o
 .debug_ranges  0x0000000000000160       0x60 ./Core/Src/stm32f1xx_it.o
 .debug_ranges  0x00000000000001c0       0x98 ./Core/Src/syscalls.o
 .debug_ranges  0x0000000000000258       0x10 ./Core/Src/sysmem.o
 .debug_ranges  0x0000000000000268       0x18 ./Core/Src/system_stm32f1xx.o
 .debug_ranges  0x0000000000000280       0x10 ./Core/Src/timer.o
 .debug_ranges  0x0000000000000290       0x38 ./Core/Src/traffic_light_processing.o
 .debug_ranges  0x00000000000002c8       0x20 ./Core/Startup/startup_stm32f103c6ux.o
 .debug_ranges  0x00000000000002e8       0xd0 ./Drivers/STM32F1xx_HAL_Driver/Src/stm32f1xx_hal.o
 .debug_ranges  0x00000000000003b8       0xf0 ./Drivers/STM32F1xx_HAL_Driver/Src/stm32f1xx_hal_cortex.o
 .debug_ranges  0x00000000000004a8       0x70 ./Drivers/STM32F1xx_HAL_Driver/Src/stm32f1xx_hal_dma.o
 .debug_ranges  0x0000000000000518       0x48 ./Drivers/STM32F1xx_HAL_Driver/Src/stm32f1xx_hal_gpio.o
 .debug_ranges  0x0000000000000560       0x80 ./Drivers/STM32F1xx_HAL_Driver/Src/stm32f1xx_hal_rcc.o
 .debug_ranges  0x00000000000005e0      0x3c0 ./Drivers/STM32F1xx_HAL_Driver/Src/stm32f1xx_hal_tim.o
 .debug_ranges  0x00000000000009a0      0x158 ./Drivers/STM32F1xx_HAL_Driver/Src/stm32f1xx_hal_tim_ex.o
 .debug_ranges  0x0000000000000af8      0x228 ./Drivers/STM32F1xx_HAL_Driver/Src/stm32f1xx_hal_uart.o

.debug_macro    0x0000000000000000    0x198b7
 .debug_macro   0x0000000000000000      0x1bf ./Core/Src/button.o
 .debug_macro   0x00000000000001bf      0xa9c ./Core/Src/button.o
 .debug_macro   0x0000000000000c5b      0x21b ./Core/Src/button.o
 .debug_macro   0x0000000000000e76       0x2e ./Core/Src/button.o
 .debug_macro   0x0000000000000ea4       0x22 ./Core/Src/button.o
 .debug_macro   0x0000000000000ec6       0x22 ./Core/Src/button.o
 .debug_macro   0x0000000000000ee8       0x8e ./Core/Src/button.o
 .debug_macro   0x0000000000000f76       0x51 ./Core/Src/button.o
 .debug_macro   0x0000000000000fc7      0x103 ./Core/Src/button.o
 .debug_macro   0x00000000000010ca       0x6a ./Core/Src/button.o
 .debug_macro   0x0000000000001134      0x1df ./Core/Src/button.o
 .debug_macro   0x0000000000001313       0x1c ./Core/Src/button.o
 .debug_macro   0x000000000000132f       0x22 ./Core/Src/button.o
 .debug_macro   0x0000000000001351       0xc3 ./Core/Src/button.o
 .debug_macro   0x0000000000001414      0xd23 ./Core/Src/button.o
 .debug_macro   0x0000000000002137     0xde75 ./Core/Src/button.o
 .debug_macro   0x000000000000ffac       0x6d ./Core/Src/button.o
 .debug_macro   0x0000000000010019     0x348d ./Core/Src/button.o
 .debug_macro   0x00000000000134a6      0x174 ./Core/Src/button.o
 .debug_macro   0x000000000001361a       0x5c ./Core/Src/button.o
 .debug_macro   0x0000000000013676      0x5bc ./Core/Src/button.o
 .debug_macro   0x0000000000013c32      0x1b7 ./Core/Src/button.o
 .debug_macro   0x0000000000013de9      0x1cb ./Core/Src/button.o
 .debug_macro   0x0000000000013fb4      0x114 ./Core/Src/button.o
 .debug_macro   0x00000000000140c8      0x1b2 ./Core/Src/button.o
 .debug_macro   0x000000000001427a       0x27 ./Core/Src/button.o
 .debug_macro   0x00000000000142a1      0x12f ./Core/Src/button.o
 .debug_macro   0x00000000000143d0      0x1bc ./Core/Src/button.o
 .debug_macro   0x000000000001458c       0x34 ./Core/Src/button.o
 .debug_macro   0x00000000000145c0       0x3c ./Core/Src/button.o
 .debug_macro   0x00000000000145fc       0x57 ./Core/Src/button.o
 .debug_macro   0x0000000000014653       0x87 ./Core/Src/button.o
 .debug_macro   0x00000000000146da      0x183 ./Core/Src/button.o
 .debug_macro   0x000000000001485d      0x140 ./Core/Src/button.o
 .debug_macro   0x000000000001499d      0x8ed ./Core/Src/button.o
 .debug_macro   0x000000000001528a      0x28e ./Core/Src/button.o
 .debug_macro   0x0000000000015518       0x69 ./Core/Src/button.o
 .debug_macro   0x0000000000015581      0x10c ./Core/Src/button.o
 .debug_macro   0x000000000001568d       0x10 ./Core/Src/button.o
 .debug_macro   0x000000000001569d      0x1b9 ./Core/Src/global.o
 .debug_macro   0x0000000000015856       0xa6 ./Core/Src/global.o
 .debug_macro   0x00000000000158fc      0x34e ./Core/Src/input_processing.o
 .debug_macro   0x0000000000015c4a       0x52 ./Core/Src/input_processing.o
 .debug_macro   0x0000000000015c9c       0x18 ./Core/Src/input_processing.o
 .debug_macro   0x0000000000015cb4       0x3c ./Core/Src/input_processing.o
 .debug_macro   0x0000000000015cf0       0x34 ./Core/Src/input_processing.o
 .debug_macro   0x0000000000015d24       0x16 ./Core/Src/input_processing.o
 .debug_macro   0x0000000000015d3a       0x35 ./Core/Src/input_processing.o
 .debug_macro   0x0000000000015d6f      0x333 ./Core/Src/input_processing.o
 .debug_macro   0x00000000000160a2       0x10 ./Core/Src/input_processing.o
 .debug_macro   0x00000000000160b2       0x16 ./Core/Src/input_processing.o
 .debug_macro   0x00000000000160c8       0x43 ./Core/Src/input_processing.o
 .debug_macro   0x000000000001610b       0x34 ./Core/Src/input_processing.o
 .debug_macro   0x000000000001613f       0x10 ./Core/Src/input_processing.o
 .debug_macro   0x000000000001614f       0x58 ./Core/Src/input_processing.o
 .debug_macro   0x00000000000161a7       0x71 ./Core/Src/input_processing.o
 .debug_macro   0x0000000000016218       0x1c ./Core/Src/input_processing.o
 .debug_macro   0x0000000000016234      0x12a ./Core/Src/input_processing.o
 .debug_macro   0x000000000001635e       0x10 ./Core/Src/input_processing.o
 .debug_macro   0x000000000001636e       0x1c ./Core/Src/input_processing.o
 .debug_macro   0x000000000001638a       0x52 ./Core/Src/input_processing.o
 .debug_macro   0x00000000000163dc       0x22 ./Core/Src/input_processing.o
 .debug_macro   0x00000000000163fe       0x10 ./Core/Src/input_processing.o
 .debug_macro   0x000000000001640e       0x40 ./Core/Src/input_processing.o
 .debug_macro   0x000000000001644e       0xd5 ./Core/Src/input_processing.o
 .debug_macro   0x0000000000016523       0x1c ./Core/Src/input_processing.o
 .debug_macro   0x000000000001653f       0x3d ./Core/Src/input_processing.o
 .debug_macro   0x000000000001657c       0x16 ./Core/Src/input_processing.o
 .debug_macro   0x0000000000016592      0x145 ./Core/Src/input_processing.o
 .debug_macro   0x00000000000166d7       0x16 ./Core/Src/input_processing.o
 .debug_macro   0x00000000000166ed       0x1c ./Core/Src/input_processing.o
 .debug_macro   0x0000000000016709      0x1f5 ./Core/Src/input_reading.o
 .debug_macro   0x00000000000168fe      0x1c6 ./Core/Src/led7seg.o
 .debug_macro   0x0000000000016ac4      0x355 ./Core/Src/main.o
 .debug_macro   0x0000000000016e19       0x10 ./Core/Src/main.o
 .debug_macro   0x0000000000016e29      0x1ba ./Core/Src/output_display.o
 .debug_macro   0x0000000000016fe3       0x1a ./Core/Src/software_timer.o
 .debug_macro   0x0000000000016ffd      0x1b0 ./Core/Src/stm32f1xx_hal_msp.o
 .debug_macro   0x00000000000171ad      0x1ba ./Core/Src/stm32f1xx_it.o
 .debug_macro   0x0000000000017367      0x24c ./Core/Src/syscalls.o
 .debug_macro   0x00000000000175b3       0x4c ./Core/Src/syscalls.o
 .debug_macro   0x00000000000175ff       0x94 ./Core/Src/syscalls.o
 .debug_macro   0x0000000000017693       0x57 ./Core/Src/syscalls.o
 .debug_macro   0x00000000000176ea      0x339 ./Core/Src/syscalls.o
 .debug_macro   0x0000000000017a23       0x10 ./Core/Src/syscalls.o
 .debug_macro   0x0000000000017a33       0x10 ./Core/Src/syscalls.o
 .debug_macro   0x0000000000017a43       0x10 ./Core/Src/syscalls.o
 .debug_macro   0x0000000000017a53       0x35 ./Core/Src/syscalls.o
 .debug_macro   0x0000000000017a88      0x12c ./Core/Src/syscalls.o
 .debug_macro   0x0000000000017bb4       0x16 ./Core/Src/syscalls.o
 .debug_macro   0x0000000000017bca       0x16 ./Core/Src/syscalls.o
 .debug_macro   0x0000000000017be0       0x29 ./Core/Src/syscalls.o
 .debug_macro   0x0000000000017c09       0x10 ./Core/Src/syscalls.o
 .debug_macro   0x0000000000017c19      0x241 ./Core/Src/syscalls.o
 .debug_macro   0x0000000000017e5a       0x1c ./Core/Src/syscalls.o
 .debug_macro   0x0000000000017e76       0x10 ./Core/Src/syscalls.o
 .debug_macro   0x0000000000017e86      0x189 ./Core/Src/syscalls.o
 .debug_macro   0x000000000001800f       0x16 ./Core/Src/syscalls.o
 .debug_macro   0x0000000000018025       0xce ./Core/Src/syscalls.o
 .debug_macro   0x00000000000180f3       0xff ./Core/Src/sysmem.o
 .debug_macro   0x00000000000181f2      0x23b ./Core/Src/sysmem.o
 .debug_macro   0x000000000001842d      0x1a1 ./Core/Src/system_stm32f1xx.o
 .debug_macro   0x00000000000185ce      0x1e6 ./Core/Src/timer.o
 .debug_macro   0x00000000000187b4       0x16 ./Core/Src/timer.o
 .debug_macro   0x00000000000187ca      0x342 ./Core/Src/traffic_light_processing.o
 .debug_macro   0x0000000000018b0c      0x1c5 ./Drivers/STM32F1xx_HAL_Driver/Src/stm32f1xx_hal.o
 .debug_macro   0x0000000000018cd1      0x1a1 ./Drivers/STM32F1xx_HAL_Driver/Src/stm32f1xx_hal_cortex.o
 .debug_macro   0x0000000000018e72      0x1a1 ./Drivers/STM32F1xx_HAL_Driver/Src/stm32f1xx_hal_dma.o
 .debug_macro   0x0000000000019013      0x20c ./Drivers/STM32F1xx_HAL_Driver/Src/stm32f1xx_hal_gpio.o
 .debug_macro   0x000000000001921f      0x1b3 ./Drivers/STM32F1xx_HAL_Driver/Src/stm32f1xx_hal_rcc.o
 .debug_macro   0x00000000000193d2      0x1a2 ./Drivers/STM32F1xx_HAL_Driver/Src/stm32f1xx_hal_tim.o
 .debug_macro   0x0000000000019574      0x1a1 ./Drivers/STM32F1xx_HAL_Driver/Src/stm32f1xx_hal_tim_ex.o
 .debug_macro   0x0000000000019715      0x1a2 ./Drivers/STM32F1xx_HAL_Driver/Src/stm32f1xx_hal_uart.o

.debug_line     0x0000000000000000    0x11af5
 .debug_line    0x0000000000000000      0x6d6 ./Core/Src/button.o
 .debug_line    0x00000000000006d6      0x665 ./Core/Src/global.o
 .debug_line    0x0000000000000d3b      0xb27 ./Core/Src/input_processing.o
 .debug_line    0x0000000000001862      0x77d ./Core/Src/input_reading.o
 .debug_line    0x0000000000001fdf      0x773 ./Core/Src/led7seg.o
 .debug_line    0x0000000000002752      0xa36 ./Core/Src/main.o
 .debug_line    0x0000000000003188      0x68f ./Core/Src/output_display.o
 .debug_line    0x0000000000003817      0x177 ./Core/Src/software_timer.o
 .debug_line    0x000000000000398e      0x70f ./Core/Src/stm32f1xx_hal_msp.o
 .debug_line    0x000000000000409d      0x76f ./Core/Src/stm32f1xx_it.o
 .debug_line    0x000000000000480c      0x802 ./Core/Src/syscalls.o
 .debug_line    0x000000000000500e      0x4f8 ./Core/Src/sysmem.o
 .debug_line    0x0000000000005506      0x6fb ./Core/Src/system_stm32f1xx.o
 .debug_line    0x0000000000005c01      0x6c0 ./Core/Src/timer.o
 .debug_line    0x00000000000062c1      0xb11 ./Core/Src/traffic_light_processing.o
 .debug_line    0x0000000000006dd2       0x86 ./Core/Startup/startup_stm32f103c6ux.o
 .debug_line    0x0000000000006e58      0x928 ./Drivers/STM32F1xx_HAL_Driver/Src/stm32f1xx_hal.o
 .debug_line    0x0000000000007780      0xb10 ./Drivers/STM32F1xx_HAL_Driver/Src/stm32f1xx_hal_cortex.o
 .debug_line    0x0000000000008290      0xd81 ./Drivers/STM32F1xx_HAL_Driver/Src/stm32f1xx_hal_dma.o
 .debug_line    0x0000000000009011      0x9ab ./Drivers/STM32F1xx_HAL_Driver/Src/stm32f1xx_hal_gpio.o
 .debug_line    0x00000000000099bc      0xd34 ./Drivers/STM32F1xx_HAL_Driver/Src/stm32f1xx_hal_rcc.o
 .debug_line    0x000000000000a6f0     0x335e ./Drivers/STM32F1xx_HAL_Driver/Src/stm32f1xx_hal_tim.o
 .debug_line    0x000000000000da4e     0x184e ./Drivers/STM32F1xx_HAL_Driver/Src/stm32f1xx_hal_tim_ex.o
 .debug_line    0x000000000000f29c     0x2859 ./Drivers/STM32F1xx_HAL_Driver/Src/stm32f1xx_hal_uart.o

.debug_str      0x0000000000000000    0x8a807
 .debug_str     0x0000000000000000    0x81398 ./Core/Src/button.o
                                      0x816e6 (size before relaxing)
 .debug_str     0x0000000000081398      0x2c6 ./Core/Src/global.o
                                      0x818c8 (size before relaxing)
 .debug_str     0x000000000008165e     0x4263 ./Core/Src/input_processing.o
                                      0x85bd0 (size before relaxing)
 .debug_str     0x00000000000858c1      0x1ca ./Core/Src/input_reading.o
                                      0x81b03 (size before relaxing)
 .debug_str     0x0000000000085a8b       0x6d ./Core/Src/led7seg.o
                                      0x81991 (size before relaxing)
 .debug_str     0x0000000000085af8      0x8cc ./Core/Src/main.o
                                      0x864b5 (size before relaxing)
 .debug_str     0x00000000000863c4       0x1d ./Core/Src/output_display.o
                                      0x81a2a (size before relaxing)
 .debug_str     0x00000000000863e1       0xb8 ./Core/Src/software_timer.o
                                       0x2ec7 (size before relaxing)
 .debug_str     0x0000000000086499      0x2e4 ./Core/Src/stm32f1xx_hal_msp.o
                                      0x8209e (size before relaxing)
 .debug_str     0x000000000008677d       0xdf ./Core/Src/stm32f1xx_it.o
                                      0x81dac (size before relaxing)
 .debug_str     0x000000000008685c     0x176a ./Core/Src/syscalls.o
                                       0x8e78 (size before relaxing)
 .debug_str     0x0000000000087fc6       0x6b ./Core/Src/sysmem.o